Microchip MPLAB XC8 Compiler V2.30

Linker command line:

-W-3 --edf=C:\Program Files\Microchip\xc8\v2.30\pic\dat\en_msgs.txt -cn \
  -h+dist/default/production\Project3.X.production.sym \
  --cmf=dist/default/production\Project3.X.production.cmf -z -Q18F46K42 \
  -oC:\Users\Manmo\AppData\Local\Temp\sdf8x2 --defsym=__MPLAB_BUILD=1 \
  -Mdist/default/production/Project3.X.production.map -E1 -ver=XC8 Compiler \
  --acfsm=1493 -ASTACK=0250h-0FFFh -pstack=STACK -ACODE=00h-0FFFFh \
  -ACONST=00h-0FFFFh -ASMALLCONST=01000h-010FFhx240 \
  -AMEDIUMCONST=01000h-0FFFFh -ACOMRAM=01h-05Fh -AABS1=00h-0FFFh \
  -ABIGRAM=01h-0FFFh -ARAM=060h-0FFh,0100h-01FFhx15 -ABANK0=060h-0FFh \
  -ABANK1=0100h-01FFh -ABANK2=0200h-02FFh -ABANK3=0300h-03FFh \
  -ABANK4=0400h-04FFh -ABANK5=0500h-05FFh -ABANK6=0600h-06FFh \
  -ABANK7=0700h-07FFh -ABANK8=0800h-08FFh -ABANK9=0900h-09FFh \
  -ABANK10=0A00h-0AFFh -ABANK11=0B00h-0BFFh -ABANK12=0C00h-0CFFh \
  -ABANK13=0D00h-0DFFh -ABANK14=0E00h-0EFFh -ABANK15=0F00h-0FFFh \
  -ASFR=03800h-038FFhx7,03F00h-03F5Fh,03F60h-03FFFh \
  -ACONFIG=0300000h-0300009h -AIDLOC=0200000h-020000Fh \
  -AEEDATA=0310000h-03103FFh -peeprom_data=EEDATA -preset_vec=00h \
  -ppowerup=CODE,init -pramtop=01000h -psmallconst=SMALLCONST \
  -pmediumconst=MEDIUMCONST -pconst=CONST -AFARRAM=00h-00h \
  -prdata=COMRAM,nvrram=COMRAM,nvbit=COMRAM,rbss=COMRAM,rbit=COMRAM \
  -pfarbss=FARRAM,fardata=FARRAM,nvFARRAM=FARRAM \
  -pintsave_regs=BIGRAM,bigbss=BIGRAM,bigdata=BIGRAM -pbss=RAM \
  -pidata=CODE,irdata=CODE,ibigdata=CODE,ifardata=CODE -prparam=COMRAM \
  C:\Users\Manmo\AppData\Local\Temp\sdf8xd.o \
  dist/default/production\Project3.X.production.o 

Object code version is 3.11

Machine type is 18F46K42



                Name                               Link     Load   Length Selector   Space Scale
C:\Users\Manmo\AppData\Local\Temp\sdf8xd.o
                idloc                            200000   200000       10        0       5
                config                           300000   300000        A        0       4
                init                               FFFC     FFFC        4     7FFE       0
                reset_vec                             0        0        4        0       0
dist/default/production\Project3.X.production.o
                idloc                            200000   200000       10        0       5
                config                           300000   300000        A        0       4
                smallconst                         1000     1000       F6      800       0
                text55                             7FA2     7FA2       18      87B       0
                text54                             78DA     78DA       9C      87B       0
                text53                             7EF2     7EF2       24      87B       0
                text52                             7F8A     7F8A       18      87B       0
                text51                             7F38     7F38       1E      87B       0
                text50                             7FD8     7FD8        A      87B       0
                text49                             7FCE     7FCE        A      87B       0
                text48                             7FC4     7FC4        A      87B       0
                text47                             7BCA     7BCA       5C      87B       0
                text46                             7F70     7F70       1A      87B       0
                text45                             7E7A     7E7A       2A      87B       0
                text44                             7DAC     7DAC       38      87B       0
                text43                             7C26     7C26       52      87B       0
                text42                             6B46     6B46      1AE      87B       0
                text41                             7F56     7F56       1A      87B       0
                text40                             7FBA     7FBA        A      87B       0
                text39                             7976     7976       96      87B       0
                text38                             744C     744C       DA      87B       0
                text37                             76BC     76BC       C4      87B       0
                text36                             7780     7780       B0      87B       0
                text35                             5CC2     5CC2      39A      87B       0
                text34                             7830     7830       AA      87B       0
                text33                             6F6C     6F6C      104      87B       0
                text32                             5874     5874      44E      87B       0
                text31                             7D74     7D74       38      87B       0
                text30                             53B4     53B4      4C0      87B       0
                text29                             7C78     7C78       46      87B       0
                text28                             6E66     6E66      106      87B       0
                text27                             7070     7070       FE      87B       0
                text26                             6574     6574      216      87B       0
                text25                             7CBE     7CBE       44      87B       0
                text24                             7D02     7D02       3A      87B       0
                text23                             75F6     75F6       C6      87B       0
                text22                             7B00     7B00       6A      87B       0
                text21                             7D3C     7D3C       38      87B       0
                text20                             7B6A     7B6A       60      87B       0
                text19                             3B58     3B58      CB2      87B       0
                text18                             7268     7268       F4      87B       0
                text17                             735C     735C       F0      87B       0
                text16                             7526     7526       D0      87B       0
                text15                             678A     678A      208      87B       0
                text14                             480A     480A      6E8      87B       0
                text13                             7A90     7A90       70      87B       0
                text12                             7EA4     7EA4       28      87B       0
                text11                             7A0C     7A0C       84      87B       0
                text10                             7E18     7E18       34      87B       0
                text9                              6992     6992      1B4      87B       0
                text8                              7DE4     7DE4       34      87B       0
                text7                              6340     6340      234      87B       0
                text6                              7F16     7F16       22      87B       0
                text5                              4EF2     4EF2      4C2      87B       0
                text4                              10F6     10F6     2A62      87B       0
                text3                              605C     605C      2E4      87B       0
                text2                              7E4C     7E4C       2E      87B       0
                text1                              6CF4     6CF4      172      87B       0
                text0                              716E     716E       FA      87B       0
                cstackCOMRAM                          1        1       5E        1       1
                cstackBANK0                          60       60       9E       60       1
                cstackBANK1                         100      100       BC      100       1
                bssBANK2                            200      200       50      200       1
                bssBANK1                            1BC      1BC       22      100       1
                bssBANK0                             FE       FE        2       60       1
                bssCOMRAM                            5F       5F        1        1       1
                cinit                              7ECC     7ECC       26      87B       0
                nvBANK1                             1DE      1DE        6      100       1

TOTAL           Name                               Link     Load   Length     Space
        CLASS   STACK          

        CLASS   CODE           
                init                               FFFC     FFFC        4         0
                reset_vec                             0        0        4         0
                text55                             7FA2     7FA2       18         0
                text54                             78DA     78DA       9C         0
                text53                             7EF2     7EF2       24         0
                text52                             7F8A     7F8A       18         0
                text51                             7F38     7F38       1E         0
                text50                             7FD8     7FD8        A         0
                text49                             7FCE     7FCE        A         0
                text48                             7FC4     7FC4        A         0
                text47                             7BCA     7BCA       5C         0
                text46                             7F70     7F70       1A         0
                text45                             7E7A     7E7A       2A         0
                text44                             7DAC     7DAC       38         0
                text43                             7C26     7C26       52         0
                text42                             6B46     6B46      1AE         0
                text41                             7F56     7F56       1A         0
                text40                             7FBA     7FBA        A         0
                text39                             7976     7976       96         0
                text38                             744C     744C       DA         0
                text37                             76BC     76BC       C4         0
                text36                             7780     7780       B0         0
                text35                             5CC2     5CC2      39A         0
                text34                             7830     7830       AA         0
                text33                             6F6C     6F6C      104         0
                text32                             5874     5874      44E         0
                text31                             7D74     7D74       38         0
                text30                             53B4     53B4      4C0         0
                text29                             7C78     7C78       46         0
                text28                             6E66     6E66      106         0
                text27                             7070     7070       FE         0
                text26                             6574     6574      216         0
                text25                             7CBE     7CBE       44         0
                text24                             7D02     7D02       3A         0
                text23                             75F6     75F6       C6         0
                text22                             7B00     7B00       6A         0
                text21                             7D3C     7D3C       38         0
                text20                             7B6A     7B6A       60         0
                text19                             3B58     3B58      CB2         0
                text18                             7268     7268       F4         0
                text17                             735C     735C       F0         0
                text16                             7526     7526       D0         0
                text15                             678A     678A      208         0
                text14                             480A     480A      6E8         0
                text13                             7A90     7A90       70         0
                text12                             7EA4     7EA4       28         0
                text11                             7A0C     7A0C       84         0
                text10                             7E18     7E18       34         0
                text9                              6992     6992      1B4         0
                text8                              7DE4     7DE4       34         0
                text7                              6340     6340      234         0
                text6                              7F16     7F16       22         0
                text5                              4EF2     4EF2      4C2         0
                text4                              10F6     10F6     2A62         0
                text3                              605C     605C      2E4         0
                text2                              7E4C     7E4C       2E         0
                text1                              6CF4     6CF4      172         0
                text0                              716E     716E       FA         0
                cinit                              7ECC     7ECC       26         0

        CLASS   CONST          

        CLASS   SMALLCONST     
                smallconst                         1000     1000       F6         0

        CLASS   MEDIUMCONST    

        CLASS   COMRAM         
                cstackCOMRAM                          1        1       5E         1
                bssCOMRAM                            5F       5F        1         1

        CLASS   ABS1           

        CLASS   BIGRAM         

        CLASS   RAM            

        CLASS   BANK0          
                cstackBANK0                          60       60       9E         1
                bssBANK0                             FE       FE        2         1

        CLASS   BANK1          
                cstackBANK1                         100      100       BC         1
                bssBANK1                            1BC      1BC       22         1
                nvBANK1                             1DE      1DE        6         1

        CLASS   BANK2          
                bssBANK2                            200      200       50         1

        CLASS   BANK3          

        CLASS   BANK4          

        CLASS   BANK5          

        CLASS   BANK6          

        CLASS   BANK7          

        CLASS   BANK8          

        CLASS   BANK9          

        CLASS   BANK10         

        CLASS   BANK11         

        CLASS   BANK12         

        CLASS   BANK13         

        CLASS   BANK14         

        CLASS   BANK15         

        CLASS   SFR            

        CLASS   CONFIG         
                config                           300000   300000        A         4

        CLASS   IDLOC          
                idloc                            200000   200000       10         5

        CLASS   EEDATA         

        CLASS   FARRAM         



SEGMENTS        Name                           Load    Length   Top    Selector   Space  Class

                reset_vec                      000000  000004  000004         0       0  CODE    
                cstackCOMRAM                   000001  00005F  000060         1       1  COMRAM  
                cstackBANK0                    000060  0000A0  000100        60       1  BANK0   
                cstackBANK1                    000100  0000E4  0001E4       100       1  BANK1   
                bssBANK2                       000200  000050  000250       200       1  BANK2   
                smallconst                     001000  0000F6  0010F6       800       0  SMALLCON
                text4                          0010F6  006EEC  007FE2       87B       0  CODE    
                init                           00FFFC  000004  010000      7FFE       0  CODE    


UNUSED ADDRESS RANGES

        Name                Unused          Largest block    Delta
        BANK1            0001E4-0001FF               1C
        BANK10           000A00-000AFF              100
        BANK11           000B00-000BFF              100
        BANK12           000C00-000CFF              100
        BANK13           000D00-000DFF              100
        BANK14           000E00-000EFF              100
        BANK15           000F00-000FFF              100
        BANK2            000250-0002FF               B0
        BANK3            000300-0003FF              100
        BANK4            000400-0004FF              100
        BANK5            000500-0005FF              100
        BANK6            000600-0006FF              100
        BANK7            000700-0007FF              100
        BANK8            000800-0008FF              100
        BANK9            000900-0009FF              100
        BIGRAM           0001E4-0001FF               1C
                         000250-000FFF              DB0
        CODE             000004-000FFF              FFC
                         007FE2-00FFFB             801A
        CONST            000004-000FFF              FFC
                         007FE2-00FFFB             801A
        EEDATA           310000-3103FF              400
        MEDIUMCONST      007FE2-00FFFB             801A
        RAM              0001E4-0001FF               1C
                         000250-000FFF              100
        SFR              003800-003FFF              100
        SMALLCONST       007FE2-00FFFB              100
        STACK            000250-000FFF              DB0

                                  Symbol Table

?___awdiv                                     cstackCOMRAM 000001
?___awmod                                     cstackCOMRAM 000001
?___fladd                                     cstackCOMRAM 00000F
?___fldiv                                     cstackCOMRAM 000040
?___flmul                                     cstackCOMRAM 00001F
?___flneg                                     cstackCOMRAM 000001
?___flsub                                     cstackCOMRAM 000038
?___fltol                                     cstackCOMRAM 000001
?___fpclassifyf                               cstackCOMRAM 000001
?___lodiv                                     cstackCOMRAM 000001
?___lomod                                     cstackCOMRAM 000001
?___wmul                                      cstackCOMRAM 000001
?___xxtofl                                    cstackCOMRAM 000001
?_atoi                                        cstackCOMRAM 000008
?_ctoa                                        cstackCOMRAM 00000C
?_efgtoa                                      cstackBANK0  000070
?_fabsf                                       cstackCOMRAM 000001
?_floorf                                      cstackCOMRAM 000059
?_isdigit                                     cstackCOMRAM 000001
?_isspace                                     cstackCOMRAM 000001
?_isupper                                     cstackCOMRAM 000001
?_nanf                                        cstackCOMRAM 000001
?_pad                                         cstackCOMRAM 000013
?_powf                                        cstackBANK0  000088
?_printf                                      cstackBANK0  0000D8
?_readKeypad                                  cstackBANK0  0000E6
?_scalbnf                                     cstackCOMRAM 000038
?_sqrtf                                       cstackCOMRAM 00004C
?_strlen                                      cstackCOMRAM 000001
?_strncmp                                     cstackCOMRAM 000001
?_tolower                                     cstackCOMRAM 000007
?_utoa                                        cstackCOMRAM 00001E
?_vfpfcnvrt                                   cstackBANK0  0000B4
?_vfprintf                                    cstackBANK0  0000D2
DELAY_milliseconds@milliseconds               cstackCOMRAM 000001
PWM5_LoadDutyValue@dutyValue                  cstackCOMRAM 000001
UART2_SetErrorHandler@interruptHandler        cstackCOMRAM 000001
UART2_SetFramingErrorHandler@interruptHandler cstackCOMRAM 000001
UART2_SetOverrunErrorHandler@interruptHandler cstackCOMRAM 000001
UART2_Write@txData                            cstackCOMRAM 000001
_ANSELA                                       (abs)        003A40
_ANSELB                                       (abs)        003A50
_ANSELC                                       (abs)        003A60
_ANSELD                                       (abs)        003A70
_ANSELE                                       (abs)        003A80
_CCPTMRS1bits                                 (abs)        003F5F
_DELAY_milliseconds                           text2        007E4C
_INLVLA                                       (abs)        003A44
_INLVLB                                       (abs)        003A54
_INLVLC                                       (abs)        003A64
_INLVLD                                       (abs)        003A74
_INLVLE                                       (abs)        003A84
_LATA                                         (abs)        003FBA
_LATB                                         (abs)        003FBB
_LATC                                         (abs)        003FBC
_LATCbits                                     (abs)        003FBC
_LATD                                         (abs)        003FBD
_LATE                                         (abs)        003FBE
_ODCONA                                       (abs)        003A42
_ODCONB                                       (abs)        003A52
_ODCONC                                       (abs)        003A62
_ODCOND                                       (abs)        003A72
_ODCONE                                       (abs)        003A82
_OSCCON1                                      (abs)        0039D9
_OSCCON3                                      (abs)        0039DB
_OSCEN                                        (abs)        0039DD
_OSCFRQ                                       (abs)        0039DF
_OSCILLATOR_Initialize                        text55       007FA2
_OSCTUNE                                      (abs)        0039DE
_PIN_MANAGER_Initialize                       text54       0078DA
_PIR4bits                                     (abs)        0039A4
_PIR6bits                                     (abs)        0039A6
_PMD0                                         (abs)        0039C0
_PMD1                                         (abs)        0039C1
_PMD2                                         (abs)        0039C2
_PMD3                                         (abs)        0039C3
_PMD4                                         (abs)        0039C4
_PMD5                                         (abs)        0039C5
_PMD6                                         (abs)        0039C6
_PMD7                                         (abs)        0039C7
_PMD_Initialize                               text53       007EF2
_PORTCbits                                    (abs)        003FCC
_PR2                                          (abs)        003FAB
_PWM5CON                                      (abs)        003F6E
_PWM5DCH                                      (abs)        003F6D
_PWM5DCL                                      (abs)        003F6C
_PWM5_Initialize                              text52       007F8A
_PWM5_LoadDutyValue                           text10       007E18
_RB1I2C                                       (abs)        003A5A
_RB2I2C                                       (abs)        003A5B
_RB6PPS                                       (abs)        003A0E
_RC0PPS                                       (abs)        003A10
_RC3I2C                                       (abs)        003A6A
_RC4I2C                                       (abs)        003A6B
_RD0I2C                                       (abs)        003A7A
_RD1I2C                                       (abs)        003A7B
_SLRCONA                                      (abs)        003A43
_SLRCONB                                      (abs)        003A53
_SLRCONC                                      (abs)        003A63
_SLRCOND                                      (abs)        003A73
_SLRCONE                                      (abs)        003A83
_SYSTEM_Initialize                            text46       007F70
_T                                            bssBANK1     0001DA
_T2CLKCON                                     (abs)        003FAE
_T2CON                                        (abs)        003FAC
_T2CONbits                                    (abs)        003FAC
_T2HLT                                        (abs)        003FAD
_T2HLTbits                                    (abs)        003FAD
_T2PR                                         (abs)        003FAB
_T2RST                                        (abs)        003FAF
_T2RSTbits                                    (abs)        003FAF
_T2TMR                                        (abs)        003FAA
_TMR2                                         (abs)        003FAA
_TMR2_Initialize                              text51       007F38
_TRISA                                        (abs)        003FC2
_TRISB                                        (abs)        003FC3
_TRISC                                        (abs)        003FC4
_TRISD                                        (abs)        003FC5
_TRISE                                        (abs)        003FC6
_U2BRGH                                       (abs)        003DDE
_U2BRGL                                       (abs)        003DDD
_U2CON0                                       (abs)        003DDA
_U2CON0bits                                   (abs)        003DDA
_U2CON1                                       (abs)        003DDB
_U2CON2                                       (abs)        003DDC
_U2ERRIE                                      (abs)        003DE2
_U2ERRIR                                      (abs)        003DE1
_U2ERRIRbits                                  (abs)        003DE1
_U2FIFO                                       (abs)        003DDF
_U2P1L                                        (abs)        003DD4
_U2P2L                                        (abs)        003DD6
_U2P3L                                        (abs)        003DD8
_U2RXB                                        (abs)        003DD0
_U2RXPPS                                      (abs)        003AE8
_U2TXB                                        (abs)        003DD2
_U2UIR                                        (abs)        003DE0
_UART2_DefaultErrorHandler                    (abs)        000000
_UART2_DefaultFramingErrorHandler             (abs)        000000
_UART2_DefaultOverrunErrorHandler             (abs)        000000
_UART2_ErrorHandler                           nvBANK1      0001DE
_UART2_FramingErrorHandler                    nvBANK1      0001E2
_UART2_Initialize                             text47       007BCA
_UART2_OverrunErrorHandler                    nvBANK1      0001E0
_UART2_SetErrorHandler                        text50       007FD8
_UART2_SetFramingErrorHandler                 text49       007FCE
_UART2_SetOverrunErrorHandler                 text48       007FC4
_UART2_Write                                  text41       007F56
_WPUA                                         (abs)        003A41
_WPUB                                         (abs)        003A51
_WPUC                                         (abs)        003A61
_WPUD                                         (abs)        003A71
_WPUE                                         (abs)        003A81
__HRAM                                        (abs)        000000
__Habs1                                       abs1         000000
__Hbank0                                      bank0        000000
__Hbank1                                      bank1        000000
__Hbank10                                     bank10       000000
__Hbank11                                     bank11       000000
__Hbank12                                     bank12       000000
__Hbank13                                     bank13       000000
__Hbank14                                     bank14       000000
__Hbank15                                     bank15       000000
__Hbank2                                      bank2        000000
__Hbank3                                      bank3        000000
__Hbank4                                      bank4        000000
__Hbank5                                      bank5        000000
__Hbank6                                      bank6        000000
__Hbank7                                      bank7        000000
__Hbank8                                      bank8        000000
__Hbank9                                      bank9        000000
__Hbigbss                                     bigbss       000000
__Hbigdata                                    bigdata      000000
__Hbigram                                     bigram       000000
__Hbss                                        bss          000000
__HbssBANK0                                   bssBANK0     000000
__HbssBANK1                                   bssBANK1     000000
__HbssBANK2                                   bssBANK2     000000
__HbssCOMRAM                                  bssCOMRAM    000000
__Hcinit                                      cinit        000000
__Hclrtext                                    clrtext      000000
__Hcomram                                     comram       000000
__Hconfig                                     config       30000A
__Hconst                                      const        000000
__HcstackBANK0                                cstackBANK0  000000
__HcstackBANK1                                cstackBANK1  000000
__HcstackCOMRAM                               cstackCOMRAM 000000
__Hdata                                       data         000000
__Heeprom_data                                eeprom_data  000000
__Hfarbss                                     farbss       000000
__Hfardata                                    fardata      000000
__Hibigdata                                   ibigdata     000000
__Hidata                                      idata        000000
__Hidloc                                      idloc        200010
__Hifardata                                   ifardata     000000
__Hinit                                       init         010000
__Hintsave_regs                               intsave_regs 000000
__Hirdata                                     irdata       000000
__Hmediumconst                                mediumconst  000000
__HnvBANK1                                    nvBANK1      000000
__HnvFARRAM                                   nvFARRAM     000000
__Hnvbit                                      nvbit        000000
__Hnvrram                                     nvrram       000000
__Hparam                                      rparam       000000
__Hpowerup                                    powerup      000000
__Hram                                        ram          000000
__Hramtop                                     ramtop       001000
__Hrbit                                       rbit         000000
__Hrbss                                       rbss         000000
__Hrdata                                      rdata        000000
__Hreset_vec                                  reset_vec    000004
__Hrparam                                     rparam       000000
__Hsfr                                        sfr          000000
__Hsmallconst                                 smallconst   0010F6
__Hspace_0                                    (abs)        010000
__Hspace_1                                    (abs)        000250
__Hspace_2                                    (abs)        000000
__Hspace_4                                    (abs)        60000A
__Hstack                                      stack        000000
__Hstruct                                     struct       000000
__Htemp                                       temp         000000
__Htext                                       text         000000
__Htext0                                      text0        000000
__Htext1                                      text1        000000
__Htext10                                     text10       000000
__Htext11                                     text11       000000
__Htext12                                     text12       000000
__Htext13                                     text13       000000
__Htext14                                     text14       000000
__Htext15                                     text15       000000
__Htext16                                     text16       000000
__Htext17                                     text17       000000
__Htext18                                     text18       000000
__Htext19                                     text19       000000
__Htext2                                      text2        000000
__Htext20                                     text20       000000
__Htext21                                     text21       000000
__Htext22                                     text22       000000
__Htext23                                     text23       000000
__Htext24                                     text24       000000
__Htext25                                     text25       000000
__Htext26                                     text26       000000
__Htext27                                     text27       000000
__Htext28                                     text28       000000
__Htext29                                     text29       000000
__Htext3                                      text3        000000
__Htext30                                     text30       000000
__Htext31                                     text31       000000
__Htext32                                     text32       000000
__Htext33                                     text33       000000
__Htext34                                     text34       000000
__Htext35                                     text35       000000
__Htext36                                     text36       000000
__Htext37                                     text37       000000
__Htext38                                     text38       000000
__Htext39                                     text39       000000
__Htext4                                      text4        000000
__Htext40                                     text40       000000
__Htext41                                     text41       000000
__Htext42                                     text42       000000
__Htext43                                     text43       000000
__Htext44                                     text44       000000
__Htext45                                     text45       000000
__Htext46                                     text46       000000
__Htext47                                     text47       000000
__Htext48                                     text48       000000
__Htext49                                     text49       000000
__Htext5                                      text5        000000
__Htext50                                     text50       000000
__Htext51                                     text51       000000
__Htext52                                     text52       000000
__Htext53                                     text53       000000
__Htext54                                     text54       000000
__Htext55                                     text55       000000
__Htext6                                      text6        000000
__Htext7                                      text7        000000
__Htext8                                      text8        000000
__Htext9                                      text9        000000
__LRAM                                        (abs)        000001
__Labs1                                       abs1         000000
__Lbank0                                      bank0        000000
__Lbank1                                      bank1        000000
__Lbank10                                     bank10       000000
__Lbank11                                     bank11       000000
__Lbank12                                     bank12       000000
__Lbank13                                     bank13       000000
__Lbank14                                     bank14       000000
__Lbank15                                     bank15       000000
__Lbank2                                      bank2        000000
__Lbank3                                      bank3        000000
__Lbank4                                      bank4        000000
__Lbank5                                      bank5        000000
__Lbank6                                      bank6        000000
__Lbank7                                      bank7        000000
__Lbank8                                      bank8        000000
__Lbank9                                      bank9        000000
__Lbigbss                                     bigbss       000000
__Lbigdata                                    bigdata      000000
__Lbigram                                     bigram       000000
__Lbss                                        bss          000000
__LbssBANK0                                   bssBANK0     000000
__LbssBANK1                                   bssBANK1     000000
__LbssBANK2                                   bssBANK2     000000
__LbssCOMRAM                                  bssCOMRAM    000000
__Lcinit                                      cinit        000000
__Lclrtext                                    clrtext      000000
__Lcomram                                     comram       000000
__Lconfig                                     config       000000
__Lconst                                      const        000000
__LcstackBANK0                                cstackBANK0  000000
__LcstackBANK1                                cstackBANK1  000000
__LcstackCOMRAM                               cstackCOMRAM 000000
__Ldata                                       data         000000
__Leeprom_data                                eeprom_data  000000
__Lfarbss                                     farbss       000000
__Lfardata                                    fardata      000000
__Libigdata                                   ibigdata     000000
__Lidata                                      idata        000000
__Lidloc                                      idloc        000000
__Lifardata                                   ifardata     000000
__Linit                                       init         00FFFC
__Lintsave_regs                               intsave_regs 000000
__Lirdata                                     irdata       000000
__Lmediumconst                                mediumconst  000000
__LnvBANK1                                    nvBANK1      000000
__LnvFARRAM                                   nvFARRAM     000000
__Lnvbit                                      nvbit        000000
__Lnvrram                                     nvrram       000000
__Lparam                                      rparam       000000
__Lpowerup                                    powerup      000000
__Lram                                        ram          000000
__Lramtop                                     ramtop       001000
__Lrbit                                       rbit         000000
__Lrbss                                       rbss         000000
__Lrdata                                      rdata        000000
__Lreset_vec                                  reset_vec    000000
__Lrparam                                     rparam       000000
__Lsfr                                        sfr          000000
__Lsmallconst                                 smallconst   001000
__Lspace_0                                    (abs)        000000
__Lspace_1                                    (abs)        000000
__Lspace_2                                    (abs)        000000
__Lspace_4                                    (abs)        000000
__Lstack                                      stack        000000
__Lstruct                                     struct       000000
__Ltemp                                       temp         000000
__Ltext                                       text         000000
__Ltext0                                      text0        000000
__Ltext1                                      text1        000000
__Ltext10                                     text10       000000
__Ltext11                                     text11       000000
__Ltext12                                     text12       000000
__Ltext13                                     text13       000000
__Ltext14                                     text14       000000
__Ltext15                                     text15       000000
__Ltext16                                     text16       000000
__Ltext17                                     text17       000000
__Ltext18                                     text18       000000
__Ltext19                                     text19       000000
__Ltext2                                      text2        000000
__Ltext20                                     text20       000000
__Ltext21                                     text21       000000
__Ltext22                                     text22       000000
__Ltext23                                     text23       000000
__Ltext24                                     text24       000000
__Ltext25                                     text25       000000
__Ltext26                                     text26       000000
__Ltext27                                     text27       000000
__Ltext28                                     text28       000000
__Ltext29                                     text29       000000
__Ltext3                                      text3        000000
__Ltext30                                     text30       000000
__Ltext31                                     text31       000000
__Ltext32                                     text32       000000
__Ltext33                                     text33       000000
__Ltext34                                     text34       000000
__Ltext35                                     text35       000000
__Ltext36                                     text36       000000
__Ltext37                                     text37       000000
__Ltext38                                     text38       000000
__Ltext39                                     text39       000000
__Ltext4                                      text4        000000
__Ltext40                                     text40       000000
__Ltext41                                     text41       000000
__Ltext42                                     text42       000000
__Ltext43                                     text43       000000
__Ltext44                                     text44       000000
__Ltext45                                     text45       000000
__Ltext46                                     text46       000000
__Ltext47                                     text47       000000
__Ltext48                                     text48       000000
__Ltext49                                     text49       000000
__Ltext5                                      text5        000000
__Ltext50                                     text50       000000
__Ltext51                                     text51       000000
__Ltext52                                     text52       000000
__Ltext53                                     text53       000000
__Ltext54                                     text54       000000
__Ltext55                                     text55       000000
__Ltext6                                      text6        000000
__Ltext7                                      text7        000000
__Ltext8                                      text8        000000
__Ltext9                                      text9        000000
__S0                                          (abs)        010000
__S1                                          (abs)        000250
__S2                                          (abs)        000000
__S4                                          (abs)        000000
__S5                                          (abs)        000000
___awdiv                                      text37       0076BC
___awdiv@counter                              cstackCOMRAM 000005
___awdiv@dividend                             cstackCOMRAM 000001
___awdiv@divisor                              cstackCOMRAM 000003
___awdiv@quotient                             cstackCOMRAM 000007
___awdiv@sign                                 cstackCOMRAM 000006
___awmod                                      text36       007780
___awmod@counter                              cstackCOMRAM 000005
___awmod@dividend                             cstackCOMRAM 000001
___awmod@divisor                              cstackCOMRAM 000003
___awmod@sign                                 cstackCOMRAM 000006
___fladd                                      text30       0053B4
___fladd@a                                    cstackCOMRAM 000013
___fladd@aexp                                 cstackCOMRAM 00001C
___fladd@b                                    cstackCOMRAM 00000F
___fladd@bexp                                 cstackCOMRAM 00001D
___fladd@grs                                  cstackCOMRAM 00001E
___fladd@signs                                cstackCOMRAM 00001B
___fldiv                                      text35       005CC2
___fldiv@a                                    cstackCOMRAM 000044
___fldiv@aexp                                 cstackCOMRAM 000058
___fldiv@b                                    cstackCOMRAM 000040
___fldiv@bexp                                 cstackCOMRAM 000057
___fldiv@grs                                  cstackCOMRAM 000053
___fldiv@new_exp                              cstackCOMRAM 000051
___fldiv@rem                                  cstackCOMRAM 00004C
___fldiv@sign                                 cstackCOMRAM 000050
___fleq                                       text34       007830
___fleq@ff1                                   cstackCOMRAM 000001
___fleq@ff2                                   cstackCOMRAM 000005
___flge                                       text33       006F6C
___flge@ff1                                   cstackCOMRAM 000040
___flge@ff2                                   cstackCOMRAM 000044
___flmul                                      text32       005874
___flmul@a                                    cstackCOMRAM 000023
___flmul@aexp                                 cstackCOMRAM 000030
___flmul@b                                    cstackCOMRAM 00001F
___flmul@bexp                                 cstackCOMRAM 000031
___flmul@grs                                  cstackCOMRAM 00002C
___flmul@prod                                 cstackCOMRAM 000032
___flmul@sign                                 cstackCOMRAM 00002B
___flmul@temp                                 cstackCOMRAM 000036
___flneg                                      text31       007D74
___flneg@f1                                   cstackCOMRAM 000001
___flsub                                      text29       007C78
___flsub@a                                    cstackCOMRAM 00003C
___flsub@b                                    cstackCOMRAM 000038
___fltol                                      text28       006E66
___fltol@exp1                                 cstackCOMRAM 00000A
___fltol@f1                                   cstackCOMRAM 000001
___fltol@sign1                                cstackCOMRAM 000009
___fpclassifyf                                text27       007070
___fpclassifyf@F465                           bssBANK1     0001C0
___fpclassifyf@e                              cstackCOMRAM 000009
___fpclassifyf@u                              cstackCOMRAM 00000B
___fpclassifyf@x                              cstackCOMRAM 000001
___inthi_sp                                   stack        000000
___intlo_sp                                   stack        000000
___lodiv                                      text17       00735C
___lodiv@counter                              cstackCOMRAM 000019
___lodiv@dividend                             cstackCOMRAM 000001
___lodiv@divisor                              cstackCOMRAM 000009
___lodiv@quotient                             cstackCOMRAM 000011
___lomod                                      text16       007526
___lomod@counter                              cstackCOMRAM 000011
___lomod@dividend                             cstackCOMRAM 000001
___lomod@divisor                              cstackCOMRAM 000009
___param_bank                                 (abs)        000000
___rparam_used                                (abs)        000001
___sp                                         stack        000000
___wmul                                       text45       007E7A
___wmul@multiplicand                          cstackCOMRAM 000003
___wmul@multiplier                            cstackCOMRAM 000001
___wmul@product                               cstackCOMRAM 000005
___xxtofl                                     text9        006992
___xxtofl@arg                                 cstackCOMRAM 00000B
___xxtofl@exp                                 cstackCOMRAM 00000A
___xxtofl@sign                                cstackCOMRAM 000009
___xxtofl@val                                 cstackCOMRAM 000001
__accesstop                                   (abs)        000060
__activetblptr                                (abs)        000003
__end_of_DELAY_milliseconds                   text2        007E7A
__end_of_L1                                   smallconst   00105D
__end_of_L2                                   smallconst   001059
__end_of_L3                                   smallconst   001055
__end_of_L4                                   smallconst   001051
__end_of_L5                                   smallconst   00104D
__end_of_L6                                   smallconst   001049
__end_of_OSCILLATOR_Initialize                text55       007FBA
__end_of_P1                                   smallconst   001045
__end_of_P2                                   smallconst   001041
__end_of_P3                                   smallconst   00103D
__end_of_P4                                   smallconst   001039
__end_of_P5                                   smallconst   001035
__end_of_PIN_MANAGER_Initialize               text54       007976
__end_of_PMD_Initialize                       text53       007F16
__end_of_PWM5_Initialize                      text52       007FA2
__end_of_PWM5_LoadDutyValue                   text10       007E4C
__end_of_SYSTEM_Initialize                    text46       007F8A
__end_of_TMR2_Initialize                      text51       007F56
__end_of_UART2_Initialize                     text47       007C26
__end_of_UART2_SetErrorHandler                text50       007FE2
__end_of_UART2_SetFramingErrorHandler         text49       007FD8
__end_of_UART2_SetOverrunErrorHandler         text48       007FCE
__end_of_UART2_Write                          text41       007F70
__end_of___awdiv                              text37       007780
__end_of___awmod                              text36       007830
__end_of___fladd                              text30       005874
__end_of___fldiv                              text35       00605C
__end_of___fleq                               text34       0078DA
__end_of___flge                               text33       007070
__end_of___flmul                              text32       005CC2
__end_of___flneg                              text31       007DAC
__end_of___flsub                              text29       007CBE
__end_of___fltol                              text28       006F6C
__end_of___fpclassifyf                        text27       00716E
__end_of___lodiv                              text17       00744C
__end_of___lomod                              text16       0075F6
__end_of___wmul                               text45       007EA4
__end_of___xxtofl                             text9        006B46
__end_of__initialization                      cinit        007EEC
__end_of_atoi                                 text42       006CF4
__end_of_bp                                   smallconst   001071
__end_of_clearPuTTY                           text11       007A90
__end_of_cp                                   smallconst   001021
__end_of_cp_h                                 smallconst   00107D
__end_of_cp_l                                 smallconst   001079
__end_of_ctoa                                 text38       007526
__end_of_dp_h                                 smallconst   001011
__end_of_dp_l                                 smallconst   001009
__end_of_efgtoa                               text19       00480A
__end_of_fabsf                                text8        007E18
__end_of_floorf                               text26       00678A
__end_of_fputc                                text39       007A0C
__end_of_fputs                                text25       007D02
__end_of_huge                                 smallconst   001065
__end_of_isdigit                              text44       007DE4
__end_of_isspace                              text43       007C78
__end_of_isupper                              text21       007D74
__end_of_ivln2                                smallconst   00101D
__end_of_ivln2_h                              smallconst   001075
__end_of_ivln2_l                              smallconst   001019
__end_of_lg2                                  smallconst   001031
__end_of_lg2_h                                smallconst   00102D
__end_of_lg2_l                                smallconst   001029
__end_of_main                                 text0        007268
__end_of_musical_note                         text3        006340
__end_of_nanf                                 text6        007F38
__end_of_ovt                                  smallconst   001025
__end_of_pad                                  text23       0076BC
__end_of_powf                                 text4        003B58
__end_of_printf                               text12       007ECC
__end_of_putch                                text40       007FC4
__end_of_readKeypad                           text1        006E66
__end_of_scalbnf                              text7        006574
__end_of_sqrtf                                text5        0053B4
__end_of_strcpy                               text22       007B6A
__end_of_strlen                               text24       007D3C
__end_of_strncmp                              text18       00735C
__end_of_tiny                                 smallconst   001061
__end_of_tiny@sqrtf$F1668                     smallconst   001015
__end_of_tolower                              text20       007BCA
__end_of_two24                                smallconst   001069
__end_of_utoa                                 text15       006992
__end_of_vfpfcnvrt                            text14       004EF2
__end_of_vfprintf                             text13       007B00
__initialization                              cinit        007ECC
__mediumconst                                 mediumconst  000000
__pbssBANK0                                   bssBANK0     0000FE
__pbssBANK1                                   bssBANK1     0001BC
__pbssBANK2                                   bssBANK2     000200
__pbssCOMRAM                                  bssCOMRAM    00005F
__pcinit                                      cinit        007ECC
__pcstackBANK0                                cstackBANK0  000060
__pcstackBANK1                                cstackBANK1  000100
__pcstackCOMRAM                               cstackCOMRAM 000001
__pnvBANK1                                    nvBANK1      0001DE
__psmallconst                                 smallconst   001000
__ptext0                                      text0        00716E
__ptext1                                      text1        006CF4
__ptext10                                     text10       007E18
__ptext11                                     text11       007A0C
__ptext12                                     text12       007EA4
__ptext13                                     text13       007A90
__ptext14                                     text14       00480A
__ptext15                                     text15       00678A
__ptext16                                     text16       007526
__ptext17                                     text17       00735C
__ptext18                                     text18       007268
__ptext19                                     text19       003B58
__ptext2                                      text2        007E4C
__ptext20                                     text20       007B6A
__ptext21                                     text21       007D3C
__ptext22                                     text22       007B00
__ptext23                                     text23       0075F6
__ptext24                                     text24       007D02
__ptext25                                     text25       007CBE
__ptext26                                     text26       006574
__ptext27                                     text27       007070
__ptext28                                     text28       006E66
__ptext29                                     text29       007C78
__ptext3                                      text3        00605C
__ptext30                                     text30       0053B4
__ptext31                                     text31       007D74
__ptext32                                     text32       005874
__ptext33                                     text33       006F6C
__ptext34                                     text34       007830
__ptext35                                     text35       005CC2
__ptext36                                     text36       007780
__ptext37                                     text37       0076BC
__ptext38                                     text38       00744C
__ptext39                                     text39       007976
__ptext4                                      text4        0010F6
__ptext40                                     text40       007FBA
__ptext41                                     text41       007F56
__ptext42                                     text42       006B46
__ptext43                                     text43       007C26
__ptext44                                     text44       007DAC
__ptext45                                     text45       007E7A
__ptext46                                     text46       007F70
__ptext47                                     text47       007BCA
__ptext48                                     text48       007FC4
__ptext49                                     text49       007FCE
__ptext5                                      text5        004EF2
__ptext50                                     text50       007FD8
__ptext51                                     text51       007F38
__ptext52                                     text52       007F8A
__ptext53                                     text53       007EF2
__ptext54                                     text54       0078DA
__ptext55                                     text55       007FA2
__ptext6                                      text6        007F16
__ptext7                                      text7        006340
__ptext8                                      text8        007DE4
__ptext9                                      text9        006992
__ramtop                                      ramtop       001000
__size_of_DELAY_milliseconds                  (abs)        000000
__size_of_OSCILLATOR_Initialize               (abs)        000000
__size_of_PIN_MANAGER_Initialize              (abs)        000000
__size_of_PMD_Initialize                      (abs)        000000
__size_of_PWM5_Initialize                     (abs)        000000
__size_of_PWM5_LoadDutyValue                  (abs)        000000
__size_of_SYSTEM_Initialize                   (abs)        000000
__size_of_TMR2_Initialize                     (abs)        000000
__size_of_UART2_Initialize                    (abs)        000000
__size_of_UART2_SetErrorHandler               (abs)        000000
__size_of_UART2_SetFramingErrorHandler        (abs)        000000
__size_of_UART2_SetOverrunErrorHandler        (abs)        000000
__size_of_UART2_Write                         (abs)        000000
__size_of___awdiv                             (abs)        000000
__size_of___awmod                             (abs)        000000
__size_of___fladd                             (abs)        000000
__size_of___fldiv                             (abs)        000000
__size_of___fleq                              (abs)        000000
__size_of___flge                              (abs)        000000
__size_of___flmul                             (abs)        000000
__size_of___flneg                             (abs)        000000
__size_of___flsub                             (abs)        000000
__size_of___fltol                             (abs)        000000
__size_of___fpclassifyf                       (abs)        000000
__size_of___lodiv                             (abs)        000000
__size_of___lomod                             (abs)        000000
__size_of___wmul                              (abs)        000000
__size_of___xxtofl                            (abs)        000000
__size_of_atoi                                (abs)        000000
__size_of_clearPuTTY                          (abs)        000000
__size_of_ctoa                                (abs)        000000
__size_of_efgtoa                              (abs)        000000
__size_of_fabsf                               (abs)        000000
__size_of_floorf                              (abs)        000000
__size_of_fputc                               (abs)        000000
__size_of_fputs                               (abs)        000000
__size_of_isdigit                             (abs)        000000
__size_of_isspace                             (abs)        000000
__size_of_isupper                             (abs)        000000
__size_of_main                                (abs)        000000
__size_of_musical_note                        (abs)        000000
__size_of_nanf                                (abs)        000000
__size_of_pad                                 (abs)        000000
__size_of_powf                                (abs)        000000
__size_of_printf                              (abs)        000000
__size_of_putch                               (abs)        000000
__size_of_readKeypad                          (abs)        000000
__size_of_scalbnf                             (abs)        000000
__size_of_sqrtf                               (abs)        000000
__size_of_strcpy                              (abs)        000000
__size_of_strlen                              (abs)        000000
__size_of_strncmp                             (abs)        000000
__size_of_tolower                             (abs)        000000
__size_of_utoa                                (abs)        000000
__size_of_vfpfcnvrt                           (abs)        000000
__size_of_vfprintf                            (abs)        000000
__smallconst                                  smallconst   001000
_atoi                                         text42       006B46
_atoi$1582                                    cstackCOMRAM 000010
_atoi$1583                                    cstackCOMRAM 000014
_atoi$1584                                    cstackCOMRAM 000012
_bp                                           smallconst   001069
_clearPuTTY                                   text11       007A0C
_ctoa                                         text38       00744C
_dbuf                                         bssBANK2     000200
_dp_h                                         smallconst   001009
_dp_l                                         smallconst   001001
_efgtoa                                       text19       003B58
_efgtoa$1509                                  cstackBANK0  00007C
_efgtoa$1510                                  cstackBANK0  00007E
_efgtoa$1515                                  cstackBANK0  000080
_efgtoa$1519                                  cstackBANK0  000082
_efgtoa$1520                                  cstackBANK0  000084
_efgtoa$1521                                  cstackBANK0  000086
_errno                                        bssBANK1     0001CC
_f                                            bssBANK1     0001C8
_fabsf                                        text8        007DE4
_flags                                        bssBANK0     0000FE
_floorf                                       text26       006574
_fputc                                        text39       007976
_fputs                                        text25       007CBE
_isdigit                                      text44       007DAC
_isspace                                      text43       007C26
_isspace$1613                                 cstackCOMRAM 000007
_isupper                                      text21       007D3C
_last_switch1_value                           bssBANK1     0001D4
_m                                            bssBANK1     0001D6
_main                                         text0        00716E
_main$1988                                    cstackBANK0  0000F4
_main$1989                                    cstackBANK0  0000F8
_musical_note                                 text3        00605C
_musical_note$1990                            cstackBANK0  000099
_musical_note$1991                            cstackBANK0  00009D
_musical_note$1992                            cstackBANK0  0000A1
_n                                            bssBANK1     0001D8
_nanf                                         text6        007F16
_nout                                         bssBANK1     0001CE
_pad                                          text23       0075F6
_powf                                         text4        0010F6
_powf$1993                                    cstackBANK1  0001A4
_powf$1994                                    cstackBANK1  000154
_powf$1995                                    cstackBANK1  000148
_powf$1996                                    cstackBANK1  000194
_powf$1997                                    cstackBANK1  000138
_powf$1998                                    cstackBANK1  000100
_powf$1999                                    cstackBANK1  000104
_powf$2000                                    cstackBANK1  000158
_powf$2001                                    cstackBANK1  00013C
_powf$2002                                    cstackBANK1  000140
_powf$2003                                    cstackBANK1  000108
_powf$2004                                    cstackBANK1  00010C
_powf$2005                                    cstackBANK1  000110
_powf$2006                                    cstackBANK1  000114
_powf$2007                                    cstackBANK1  000118
_prec                                         bssBANK1     0001D2
_printf                                       text12       007EA4
_putch                                        text40       007FBA
_readKeypad                                   text1        006CF4
_scalbnf                                      text7        006340
_sqrtf                                        text5        004EF2
_strcpy                                       text22       007B00
_strlen                                       text24       007D02
_strncmp                                      text18       007268
_tolower                                      text20       007B6A
_tolower$1717                                 cstackCOMRAM 00000D
_uart2RxLastError                             bssCOMRAM    00005F
_utoa                                         text15       00678A
_vfpfcnvrt                                    text14       00480A
_vfpfcnvrt$1542                               cstackBANK0  0000C6
_vfpfcnvrt$1547                               cstackBANK0  0000C8
_vfprintf                                     text13       007A90
_width                                        bssBANK1     0001D0
atoi@n                                        cstackCOMRAM 000015
atoi@neg                                      cstackCOMRAM 00000E
atoi@s                                        cstackCOMRAM 000008
ctoa@c                                        cstackCOMRAM 00000E
ctoa@fp                                       cstackCOMRAM 00000C
ctoa@l                                        cstackCOMRAM 000010
ctoa@w                                        cstackCOMRAM 000012
efgtoa@c                                      cstackBANK0  000076
efgtoa@d                                      cstackBANK0  000094
efgtoa@e                                      cstackBANK0  0000AC
efgtoa@f                                      cstackBANK0  000072
efgtoa@fp                                     cstackBANK0  000070
efgtoa@g                                      cstackBANK0  0000A8
efgtoa@h                                      cstackBANK0  00009E
efgtoa@i                                      cstackBANK0  0000A6
efgtoa@l                                      cstackBANK0  0000A2
efgtoa@m                                      cstackBANK0  00008E
efgtoa@mode                                   cstackBANK0  00009D
efgtoa@n                                      cstackBANK0  0000AE
efgtoa@ne                                     cstackBANK0  00008C
efgtoa@nmode                                  cstackBANK0  00009C
efgtoa@ou                                     cstackBANK0  000090
efgtoa@p                                      cstackBANK0  000098
efgtoa@pp                                     cstackBANK0  00008A
efgtoa@sign                                   cstackBANK0  000096
efgtoa@t                                      cstackBANK0  000088
efgtoa@u                                      cstackBANK0  0000B0
efgtoa@w                                      cstackBANK0  00009A
end_of_initialization                         cinit        007EEC
fabsf@F465                                    bssBANK1     0001C4
fabsf@u                                       cstackCOMRAM 000005
fabsf@x                                       cstackCOMRAM 000001
floorf@F527                                   bssBANK1     0001BC
floorf@e                                      cstackBANK0  00006A
floorf@m                                      cstackBANK0  000066
floorf@u                                      cstackBANK0  00006C
floorf@x                                      cstackCOMRAM 000059
fputc@c                                       cstackCOMRAM 000003
fputc@fp                                      cstackCOMRAM 000005
fputs@c                                       cstackCOMRAM 000010
fputs@fp                                      cstackCOMRAM 00000E
fputs@i                                       cstackCOMRAM 000011
fputs@s                                       cstackCOMRAM 00000C
intlevel0                                     text         000000
intlevel1                                     text         000000
intlevel2                                     text         000000
intlevel3                                     text         000000
isdigit@c                                     cstackCOMRAM 000001
isspace@c                                     cstackCOMRAM 000001
isupper@c                                     cstackCOMRAM 000001
main@k                                        cstackBANK0  0000FC
musical_note@i                                cstackCOMRAM 000059
nanf@s                                        cstackCOMRAM 000001
nanf@u                                        cstackCOMRAM 000005
pad@buf                                       cstackCOMRAM 000015
pad@fp                                        cstackCOMRAM 000013
pad@i                                         cstackCOMRAM 00001A
pad@p                                         cstackCOMRAM 000017
pad@w                                         cstackCOMRAM 00001C
powf@__xc8_float_word                         cstackBANK1  0001B8
powf@ax                                       cstackBANK1  000170
powf@hx                                       cstackBANK1  000160
powf@hy                                       cstackBANK1  000184
powf@i                                        cstackBANK1  00012C
powf@is                                       cstackBANK1  000190
powf@ix                                       cstackBANK1  0001A8
powf@iy                                       cstackBANK1  000198
powf@j                                        cstackBANK1  0001AC
powf@k                                        cstackBANK1  0001A0
powf@n                                        cstackBANK1  00017C
powf@p_h                                      cstackBANK1  00019C
powf@p_l                                      cstackBANK1  000164
powf@r                                        cstackBANK1  00014C
powf@s                                        cstackBANK1  00015C
powf@s2                                       cstackBANK1  00018C
powf@s_h                                      cstackBANK1  00016C
powf@s_l                                      cstackBANK1  000130
powf@sn                                       cstackBANK1  000188
powf@t                                        cstackBANK1  0001B0
powf@t1                                       cstackBANK1  000180
powf@t2                                       cstackBANK1  00011C
powf@t_h                                      cstackBANK1  000168
powf@t_l                                      cstackBANK1  000134
powf@u                                        cstackBANK1  000174
powf@v                                        cstackBANK1  000178
powf@w                                        cstackBANK1  000144
powf@x                                        cstackBANK0  000088
powf@y                                        cstackBANK0  00008C
powf@y1                                       cstackBANK1  000128
powf@yisint                                   cstackBANK1  000150
powf@z                                        cstackBANK1  0001B4
powf@z_h                                      cstackBANK1  000120
powf@z_l                                      cstackBANK1  000124
printf@ap                                     cstackBANK0  0000E4
printf@fmt                                    cstackBANK0  0000D8
putch@txData                                  cstackCOMRAM 000002
readKeypad@i                                  cstackBANK0  0000E8
scalbnf@n                                     cstackCOMRAM 00003C
scalbnf@u                                     cstackCOMRAM 000042
scalbnf@x                                     cstackCOMRAM 000038
scalbnf@y                                     cstackCOMRAM 000046
sqrtf@__xc8_float_word                        cstackBANK0  00006C
sqrtf@i                                       cstackBANK0  000068
sqrtf@ix                                      cstackBANK0  000084
sqrtf@m                                       cstackBANK0  00007C
sqrtf@q                                       cstackBANK0  000070
sqrtf@r                                       cstackBANK0  000080
sqrtf@s                                       cstackBANK0  000064
sqrtf@t                                       cstackBANK0  000074
sqrtf@x                                       cstackCOMRAM 00004C
sqrtf@z                                       cstackBANK0  000078
stackhi                                       (abs)        000FFF
stacklo                                       (abs)        000250
start                                         init         00FFFC
start_initialization                          cinit        007ECC
strcpy@d                                      cstackCOMRAM 000009
strcpy@dest                                   cstackCOMRAM 000001
strcpy@s                                      cstackCOMRAM 000007
strcpy@src                                    cstackCOMRAM 000003
strlen@a                                      cstackCOMRAM 000003
strlen@s                                      cstackCOMRAM 000001
strncmp@_l                                    cstackCOMRAM 000001
strncmp@_r                                    cstackCOMRAM 000003
strncmp@l                                     cstackCOMRAM 000008
strncmp@n                                     cstackCOMRAM 000005
strncmp@r                                     cstackCOMRAM 00000A
tolower@c                                     cstackCOMRAM 000007
utoa@d                                        cstackCOMRAM 000020
utoa@fp                                       cstackCOMRAM 00001E
utoa@i                                        cstackCOMRAM 00003C
utoa@n                                        cstackCOMRAM 000034
utoa@p                                        cstackCOMRAM 000030
utoa@w                                        cstackCOMRAM 000032
vfpfcnvrt@ap                                  cstackBANK0  0000B8
vfpfcnvrt@c                                   cstackBANK0  0000D1
vfpfcnvrt@ct                                  cstackBANK0  0000CE
vfpfcnvrt@f                                   cstackBANK0  0000CA
vfpfcnvrt@fmt                                 cstackBANK0  0000B6
vfpfcnvrt@fp                                  cstackBANK0  0000B4
vfpfcnvrt@llu                                 cstackBANK0  0000BE
vfprintf@ap                                   cstackBANK0  0000D6
vfprintf@cfmt                                 cstackCOMRAM 00005D
vfprintf@fmt                                  cstackBANK0  0000D4
vfprintf@fp                                   cstackBANK0  0000D2


FUNCTION INFORMATION:

 *************** function _main *****************
 Defined at:
		line 20 in file "main.c"
 Parameters:    Size  Location     Type
		None
 Auto vars:     Size  Location     Type
  password        5    0        unsigned char [5]
  k               2  156[BANK0 ] int 
  has_switch4_    2    0        unsigned int 
  has_switch3_    2    0        unsigned int 
  has_switch2_    2    0        unsigned int 
  has_switch1_    2    0        unsigned int 
 Return value:  Size  Location     Type
                  1    wreg      void 
 Registers used:
		wreg, fsr0l, fsr0h, fsr1l, fsr1h, fsr2l, fsr2h, status,2, status,0, tblptrl, tblptrh, tblptru, prodl, prodh, cstack
 Tracked objects:
		On entry : 
		On exit  : 
		Unchanged: 
 Data sizes:     COMRAM   BANK0   BANK1   BANK2   BANK3   BANK4   BANK5   BANK6   BANK7   BANK8   BANK9  BANK10  BANK11  BANK12  BANK13  BANK14  BANK15
      Params:         0       0       0       0       0       0       0       0       0       0       0       0       0       0       0       0       0
      Locals:         0      18       0       0       0       0       0       0       0       0       0       0       0       0       0       0       0
      Temps:          0       2       0       0       0       0       0       0       0       0       0       0       0       0       0       0       0
[...]
      Totals:         2       0       0       0       0       0       0       0       0       0       0       0       0       0       0       0       0
Total ram usage:        2 bytes
 Hardware stack levels used:    1
 This function calls:
		Nothing
 This function is called by:
		_UART2_Initialize
 This function uses a non-reentrant model


 *************** function _UART2_SetFramingErrorHandler *****************
 Defined at:
		line 191 in file "mcc_generated_files/uart2.c"
 Parameters:    Size  Location     Type
  interruptHan    2    0[COMRAM] PTR FTN()void 
		 -> UART2_DefaultFramingErrorHandler(1), 
 Auto vars:     Size  Location     Type
		None
 Return value:  Size  Location     Type
                  1    wreg      void 
 Registers used:
		wreg, status,2, status,0
 Tracked objects:
		On entry : 
		On exit  : 
		Unchanged: 
 Data sizes:     COMRAM   BANK0   BANK1   BANK2   BANK3   BANK4   BANK5   BANK6   BANK7   BANK8   BANK9  BANK10  BANK11  BANK12  BANK13  BANK14  BANK15
      Params:         2       0       0       0       0       0       0       0       0       0       0       0       0       0       0       0       0
      Locals:         0       0       0       0       0       0       0       0       0       0       0       0       0       0       0       0       0
      Temps:          0       0       0       0       0       0       0       0       0       0       0       0       0       0       0       0       0
      Totals:         2       0       0       0       0       0       0       0       0       0       0       0       0       0       0       0       0
Total ram usage:        2 bytes
 Hardware stack levels used:    1
 This function calls:
		Nothing
 This function is called by:
		_UART2_Initialize
 This function uses a non-reentrant model


 *************** function _UART2_SetErrorHandler *****************
 Defined at:
		line 199 in file "mcc_generated_files/uart2.c"
 Parameters:    Size  Location     Type
  interruptHan    2    0[COMRAM] PTR FTN()void 
		 -> UART2_DefaultErrorHandler(1), 
 Auto vars:     Size  Location     Type
		None
 Return value:  Size  Location     Type
                  1    wreg      void 
 Registers used:
		wreg, status,2, status,0
 Tracked objects:
		On entry : 
		On exit  : 
		Unchanged: 
 Data sizes:     COMRAM   BANK0   BANK1   BANK2   BANK3   BANK4   BANK5   BANK6   BANK7   BANK8   BANK9  BANK10  BANK11  BANK12  BANK13  BANK14  BANK15
      Params:         2       0       0       0       0       0       0       0       0       0       0       0       0       0       0       0       0
      Locals:         0       0       0       0       0       0       0       0       0       0       0       0       0       0       0       0       0
      Temps:          0       0       0       0       0       0       0       0       0       0       0       0       0       0       0       0       0
      Totals:         2       0       0       0       0       0       0       0       0       0       0       0       0       0       0       0       0
Total ram usage:        2 bytes
 Hardware stack levels used:    1
 This function calls:
		Nothing
 This function is called by:
		_UART2_Initialize
 This function uses a non-reentrant model


 *************** function _TMR2_Initialize *****************
 Defined at:
		line 62 in file "mcc_generated_files/tmr2.c"
 Parameters:    Size  Location     Type
		None
 Auto vars:     Size  Location     Type
		None
 Return value:  Size  Location     Type
                  1    wreg      void 
 Registers used:
		wreg, status,2
 Tracked objects:
		On entry : 
		On exit  : 
		Unchanged: 
 Data sizes:     COMRAM   BANK0   BANK1   BANK2   BANK3   BANK4   BANK5   BANK6   BANK7   BANK8   BANK9  BANK10  BANK11  BANK12  BANK13  BANK14  BANK15
      Params:         0       0       0       0       0       0       0       0       0       0       0       0       0       0       0       0       0
      Locals:         0       0       0       0       0       0       0       0       0       0       0       0       0       0       0       0       0
      Temps:          0       0       0       0       0       0       0       0       0       0       0       0       0       0       0       0       0
      Totals:         0       0       0       0       0       0       0       0       0       0       0       0       0       0       0       0       0
Total ram usage:        0 bytes
 Hardware stack levels used:    1
 This function calls:
		Nothing
 This function is called by:
		_SYSTEM_Initialize
 This function uses a non-reentrant model


 *************** function _PWM5_Initialize *****************
 Defined at:
		line 58 in file "mcc_generated_files/pwm5.c"
 Parameters:    Size  Location     Type
		None
 Auto vars:     Size  Location     Type
		None
 Return value:  Size  Location     Type
                  1    wreg      void 
 Registers used:
		wreg, status,2
 Tracked objects:
		On entry : 
		On exit  : 
		Unchanged: 
 Data sizes:     COMRAM   BANK0   BANK1   BANK2   BANK3   BANK4   BANK5   BANK6   BANK7   BANK8   BANK9  BANK10  BANK11  BANK12  BANK13  BANK14  BANK15
      Params:         0       0       0       0       0       0       0       0       0       0       0       0       0       0       0       0       0
      Locals:         0       0       0       0       0       0       0       0       0       0       0       0       0       0       0       0       0
      Temps:          0       0       0       0       0       0       0       0       0       0       0       0       0       0       0       0       0
      Totals:         0       0       0       0       0       0       0       0       0       0       0       0       0       0       0       0       0
Total ram usage:        0 bytes
 Hardware stack levels used:    1
 This function calls:
		Nothing
 This function is called by:
		_SYSTEM_Initialize
 This function uses a non-reentrant model


 *************** function _PMD_Initialize *****************
 Defined at:
		line 74 in file "mcc_generated_files/mcc.c"
 Parameters:    Size  Location     Type
		None
 Auto vars:     Size  Location     Type
		None
 Return value:  Size  Location     Type
                  1    wreg      void 
 Registers used:
		wreg, status,2
 Tracked objects:
		On entry : 
		On exit  : 
		Unchanged: 
 Data sizes:     COMRAM   BANK0   BANK1   BANK2   BANK3   BANK4   BANK5   BANK6   BANK7   BANK8   BANK9  BANK10  BANK11  BANK12  BANK13  BANK14  BANK15
      Params:         0       0       0       0       0       0       0       0       0       0       0       0       0       0       0       0       0
      Locals:         0       0       0       0       0       0       0       0       0       0       0       0       0       0       0       0       0
      Temps:          0       0       0       0       0       0       0       0       0       0       0       0       0       0       0       0       0
      Totals:         0       0       0       0       0       0       0       0       0       0       0       0       0       0       0       0       0
Total ram usage:        0 bytes
 Hardware stack levels used:    1
 This function calls:
		Nothing
 This function is called by:
		_SYSTEM_Initialize
 This function uses a non-reentrant model


 *************** function _PIN_MANAGER_Initialize *****************
 Defined at:
		line 55 in file "mcc_generated_files/pin_manager.c"
 Parameters:    Size  Location     Type
		None
 Auto vars:     Size  Location     Type
		None
 Return value:  Size  Location     Type
                  1    wreg      void 
 Registers used:
		wreg, status,2
 Tracked objects:
		On entry : 
		On exit  : 
		Unchanged: 
 Data sizes:     COMRAM   BANK0   BANK1   BANK2   BANK3   BANK4   BANK5   BANK6   BANK7   BANK8   BANK9  BANK10  BANK11  BANK12  BANK13  BANK14  BANK15
      Params:         0       0       0       0       0       0       0       0       0       0       0       0       0       0       0       0       0
      Locals:         0       0       0       0       0       0       0       0       0       0       0       0       0       0       0       0       0
      Temps:          0       0       0       0       0       0       0       0       0       0       0       0       0       0       0       0       0
      Totals:         0       0       0       0       0       0       0       0       0       0       0       0       0       0       0       0       0
Total ram usage:        0 bytes
 Hardware stack levels used:    1
 This function calls:
		Nothing
 This function is called by:
		_SYSTEM_Initialize
 This function uses a non-reentrant model


 *************** function _OSCILLATOR_Initialize *****************
 Defined at:
		line 60 in file "mcc_generated_files/mcc.c"
 Parameters:    Size  Location     Type
		None
 Auto vars:     Size  Location     Type
		None
 Return value:  Size  Location     Type
                  1    wreg      void 
 Registers used:
		wreg, status,2
 Tracked objects:
		On entry : 
		On exit  : 
		Unchanged: 
 Data sizes:     COMRAM   BANK0   BANK1   BANK2   BANK3   BANK4   BANK5   BANK6   BANK7   BANK8   BANK9  BANK10  BANK11  BANK12  BANK13  BANK14  BANK15
      Params:         0       0       0       0       0       0       0       0       0       0       0       0       0       0       0       0       0
      Locals:         0       0       0       0       0       0       0       0       0       0       0       0       0       0       0       0       0
      Temps:          0       0       0       0       0       0       0       0       0       0       0       0       0       0       0       0       0
      Totals:         0       0       0       0       0       0       0       0       0       0       0       0       0       0       0       0       0
Total ram usage:        0 bytes
 Hardware stack levels used:    1
 This function calls:
		Nothing
 This function is called by:
		_SYSTEM_Initialize
 This function uses a non-reentrant model



MODULE INFORMATION

Module		Function		Class		Link	Load	Size
C:\Program Files\Microchip\xc8\v2.30\pic\sources\c99\common\sprcmul.c
		___flmul       		CODE           	5874	0000	1102

C:\Program Files\Microchip\xc8\v2.30\pic\sources\c99\common\sprcmul.c estimated size: 1102

mcc_generated_files/uart2.c
		_putch         		CODE           	7FBA	0000	10
		_UART2_Write   		CODE           	7F56	0000	26
		_UART2_SetFramingErrorHandler		CODE           	7FCE	0000	10
		_UART2_SetOverrunErrorHandler		CODE           	7FC4	0000	10
		_UART2_Initialize		CODE           	7BCA	0000	92
		_UART2_SetErrorHandler		CODE           	7FD8	0000	10

mcc_generated_files/uart2.c estimated size: 158

C:\Program Files\Microchip\xc8\v2.30\pic\sources\c99\common\sprcdiv.c
		___fldiv       		CODE           	5CC2	0000	922

C:\Program Files\Microchip\xc8\v2.30\pic\sources\c99\common\sprcdiv.c estimated size: 922

C:\Program Files\Microchip\xc8\v2.30\pic\sources\c99\common\__fpclassifyf.c
		___fpclassifyf 		CODE           	7070	0000	254

C:\Program Files\Microchip\xc8\v2.30\pic\sources\c99\common\__fpclassifyf.c estimated size: 254

C:\Program Files\Microchip\xc8\v2.30\pic\sources\c99\common\awmod.c
		___awmod       		CODE           	7780	0000	176

C:\Program Files\Microchip\xc8\v2.30\pic\sources\c99\common\awmod.c estimated size: 176

C:\Program Files\Microchip\xc8\v2.30\pic\sources\c99\common\scalbnf.c
		_scalbnf       		CODE           	6340	0000	564

C:\Program Files\Microchip\xc8\v2.30\pic\sources\c99\common\scalbnf.c estimated size: 564

C:\Program Files\Microchip\xc8\v2.30\pic\sources\c99\common\doprnt.c
		_vfpfcnvrt     		CODE           	480A	0000	1768
		_efgtoa        		CODE           	3B58	0000	3250
		_pad           		CODE           	75F6	0000	198
		_ctoa          		CODE           	744C	0000	218
		_vfprintf      		CODE           	7A90	0000	112
		_utoa          		CODE           	678A	0000	520

C:\Program Files\Microchip\xc8\v2.30\pic\sources\c99\common\doprnt.c estimated size: 6066

C:\Program Files\Microchip\xc8\v2.30\pic\sources\c99\common\atoi.c
		_atoi          		CODE           	6B46	0000	430

C:\Program Files\Microchip\xc8\v2.30\pic\sources\c99\common\atoi.c estimated size: 430

C:\Program Files\Microchip\xc8\v2.30\pic\sources\c99\common\fleq.c
		___fleq        		CODE           	7830	0000	170

C:\Program Files\Microchip\xc8\v2.30\pic\sources\c99\common\fleq.c estimated size: 170

C:\Program Files\Microchip\xc8\v2.30\pic\sources\c99\common\isdigit.c
		_isdigit       		CODE           	7DAC	0000	56

C:\Program Files\Microchip\xc8\v2.30\pic\sources\c99\common\isdigit.c estimated size: 56

C:\Program Files\Microchip\xc8\v2.30\pic\sources\c99\common\nf_fputs.c
		_fputs         		CODE           	7CBE	0000	68

C:\Program Files\Microchip\xc8\v2.30\pic\sources\c99\common\nf_fputs.c estimated size: 68

mcc_generated_files/tmr2.c
		_TMR2_Initialize		CODE           	7F38	0000	30

mcc_generated_files/tmr2.c estimated size: 30

C:\Program Files\Microchip\xc8\v2.30\pic\sources\c99\common\Umul16.c
		___wmul        		CODE           	7E7A	0000	42

C:\Program Files\Microchip\xc8\v2.30\pic\sources\c99\common\Umul16.c estimated size: 42

mcc_generated_files/pin_manager.c
		_PIN_MANAGER_Initialize		CODE           	78DA	0000	156

mcc_generated_files/pin_manager.c estimated size: 156

C:\Program Files\Microchip\xc8\v2.30\pic\sources\c99\common\lodiv.c
		___lodiv       		CODE           	735C	0000	240

C:\Program Files\Microchip\xc8\v2.30\pic\sources\c99\common\lodiv.c estimated size: 240

C:\Program Files\Microchip\xc8\v2.30\pic\sources\c99\common\powf.c
		_powf          		CODE           	10F6	0000	10850

C:\Program Files\Microchip\xc8\v2.30\pic\sources\c99\common\powf.c estimated size: 10850

C:\Program Files\Microchip\xc8\v2.30\pic\sources\c99\common\sprcadd.c
		___flsub       		CODE           	7C78	0000	70
		___fladd       		CODE           	53B4	0000	1216

C:\Program Files\Microchip\xc8\v2.30\pic\sources\c99\common\sprcadd.c estimated size: 1286

C:\Program Files\Microchip\xc8\v2.30\pic\sources\c99\common\sqrtf.c
		_sqrtf         		CODE           	4EF2	0000	1218

C:\Program Files\Microchip\xc8\v2.30\pic\sources\c99\common\sqrtf.c estimated size: 1218

C:\Program Files\Microchip\xc8\v2.30\pic\sources\c99\common\awdiv.c
		___awdiv       		CODE           	76BC	0000	196

C:\Program Files\Microchip\xc8\v2.30\pic\sources\c99\common\awdiv.c estimated size: 196

C:\Program Files\Microchip\xc8\v2.30\pic\sources\c99\common\fltol.c
		___fltol       		CODE           	6E66	0000	262

C:\Program Files\Microchip\xc8\v2.30\pic\sources\c99\common\fltol.c estimated size: 262

../exercise13.X/putty.c
		_clearPuTTY    		CODE           	7A0C	0000	132

../exercise13.X/putty.c estimated size: 132

C:\Program Files\Microchip\xc8\v2.30\pic\sources\c99\common\isupper.c
		_isupper       		CODE           	7D3C	0000	56

C:\Program Files\Microchip\xc8\v2.30\pic\sources\c99\common\isupper.c estimated size: 56

C:\Program Files\Microchip\xc8\v2.30\pic\sources\c99\common\xxtofl.c
		___xxtofl      		CODE           	6992	0000	436

C:\Program Files\Microchip\xc8\v2.30\pic\sources\c99\common\xxtofl.c estimated size: 436

C:\Program Files\Microchip\xc8\v2.30\pic\sources\c99\common\printf.c
		_printf        		CODE           	7EA4	0000	40

C:\Program Files\Microchip\xc8\v2.30\pic\sources\c99\common\printf.c estimated size: 40

shared
		_L5            		SMALLCONST     	0000	0000	0
		_P3            		SMALLCONST     	0000	0000	0
		_L6            		SMALLCONST     	0000	0000	0
		_P4            		SMALLCONST     	0000	0000	0
		_P5            		SMALLCONST     	0000	0000	0
		_lg2_l         		SMALLCONST     	0000	0000	0
		_ivln2_l       		SMALLCONST     	0000	0000	0
		_ivln2         		SMALLCONST     	0000	0000	0
		__initialization		CODE           	7ECC	0000	32
		_bp            		SMALLCONST     	1069	0000	8
		_cp            		SMALLCONST     	0000	0000	0
		_cp_h          		SMALLCONST     	0000	0000	0
		_dp_h          		SMALLCONST     	1009	0000	8
		_lg2           		SMALLCONST     	0000	0000	0
		_tiny@sqrtf$F1668		SMALLCONST     	0000	0000	0
		_lg2_h         		SMALLCONST     	0000	0000	0
		_ivln2_h       		SMALLCONST     	0000	0000	0
		_tiny          		SMALLCONST     	0000	0000	0
		_ovt           		SMALLCONST     	0000	0000	0
		_huge          		SMALLCONST     	0000	0000	0
		_two24         		SMALLCONST     	0000	0000	0
		_cp_l          		SMALLCONST     	0000	0000	0
		_dp_l          		SMALLCONST     	1001	0000	8
		_L1            		SMALLCONST     	0000	0000	0
		_L2            		SMALLCONST     	0000	0000	0
		_L3            		SMALLCONST     	0000	0000	0
		_P1            		SMALLCONST     	0000	0000	0
		_L4            		SMALLCONST     	0000	0000	0
		_P2            		SMALLCONST     	0000	0000	0

shared estimated size: 56

C:\Program Files\Microchip\xc8\v2.30\pic\sources\c99\common\nf_fputc.c
		_fputc         		CODE           	7976	0000	150

C:\Program Files\Microchip\xc8\v2.30\pic\sources\c99\common\nf_fputc.c estimated size: 150

mcc_generated_files/pwm5.c
		_PWM5_LoadDutyValue		CODE           	7E18	0000	52
		_PWM5_Initialize		CODE           	7F8A	0000	24

mcc_generated_files/pwm5.c estimated size: 76

C:\Program Files\Microchip\xc8\v2.30\pic\sources\c99\common\flge.c
		___flge        		CODE           	6F6C	0000	260

C:\Program Files\Microchip\xc8\v2.30\pic\sources\c99\common\flge.c estimated size: 260

mcc_generated_files/mcc.c
		_PMD_Initialize		CODE           	7EF2	0000	36
		_OSCILLATOR_Initialize		CODE           	7FA2	0000	24
		_SYSTEM_Initialize		CODE           	7F70	0000	26

mcc_generated_files/mcc.c estimated size: 86

C:\Program Files\Microchip\xc8\v2.30\pic\sources\c99\common\strlen.c
		_strlen        		CODE           	7D02	0000	58

C:\Program Files\Microchip\xc8\v2.30\pic\sources\c99\common\strlen.c estimated size: 58

C:\Program Files\Microchip\xc8\v2.30\pic\sources\c99\common\floorf.c
		_floorf        		CODE           	6574	0000	534

C:\Program Files\Microchip\xc8\v2.30\pic\sources\c99\common\floorf.c estimated size: 534

C:\Program Files\Microchip\xc8\v2.30\pic\sources\c99\common\strcpy.c
		_strcpy        		CODE           	7B00	0000	106

C:\Program Files\Microchip\xc8\v2.30\pic\sources\c99\common\strcpy.c estimated size: 106

mcc_generated_files/delay.c
		_DELAY_milliseconds		CODE           	7E4C	0000	46

mcc_generated_files/delay.c estimated size: 46

C:\Program Files\Microchip\xc8\v2.30\pic\sources\c99\common\flneg.c
		___flneg       		CODE           	7D74	0000	56

C:\Program Files\Microchip\xc8\v2.30\pic\sources\c99\common\flneg.c estimated size: 56

C:\Program Files\Microchip\xc8\v2.30\pic\sources\c99\common\fabsf.c
		_fabsf         		CODE           	7DE4	0000	52

C:\Program Files\Microchip\xc8\v2.30\pic\sources\c99\common\fabsf.c estimated size: 52

C:\Program Files\Microchip\xc8\v2.30\pic\sources\c99\common\isspace.c
		_isspace       		CODE           	7C26	0000	82

C:\Program Files\Microchip\xc8\v2.30\pic\sources\c99\common\isspace.c estimated size: 82

main.c
		_readKeypad    		CODE           	6CF4	0000	370
		_main          		CODE           	716E	0000	250
		_musical_note  		CODE           	605C	0000	740

main.c estimated size: 1360

C:\Program Files\Microchip\xc8\v2.30\pic\sources\c99\common\nanf.c
		_nanf          		CODE           	7F16	0000	34

C:\Program Files\Microchip\xc8\v2.30\pic\sources\c99\common\nanf.c estimated size: 34

C:\Program Files\Microchip\xc8\v2.30\pic\sources\c99\common\lomod.c
		___lomod       		CODE           	7526	0000	208

C:\Program Files\Microchip\xc8\v2.30\pic\sources\c99\common\lomod.c estimated size: 208

C:\Program Files\Microchip\xc8\v2.30\pic\sources\c99\common\strncmp.c
		_strncmp       		CODE           	7268	0000	244

C:\Program Files\Microchip\xc8\v2.30\pic\sources\c99\common\strncmp.c estimated size: 244

C:\Program Files\Microchip\xc8\v2.30\pic\sources\c99\common\tolower.c
		_tolower       		CODE           	7B6A	0000	96

C:\Program Files\Microchip\xc8\v2.30\pic\sources\c99\common\tolower.c estimated size: 96

