Microchip MPLAB XC8 Compiler V2.30

Linker command line:

-W-3 --edf=C:\Program Files\Microchip\xc8\v2.30\pic\dat\en_msgs.txt -cn \
  -h+dist/default/production\Exercise1.X.production.sym \
  --cmf=dist/default/production\Exercise1.X.production.cmf -z -Q18F46K42 \
  -oC:\Users\Manmo\AppData\Local\Temp\si04x2 --defsym=__MPLAB_BUILD=1 \
  -Mdist/default/production/Exercise1.X.production.map -E1 \
  -ver=XC8 Compiler --acfsm=1493 -ASTACK=0150h-0FFFh -pstack=STACK \
  -ACODE=00h-0FFFFh -ACONST=00h-0FFFFh -ASMALLCONST=01000h-010FFhx240 \
  -AMEDIUMCONST=01000h-0FFFFh -ACOMRAM=01h-05Fh -AABS1=00h-0FFFh \
  -ABIGRAM=01h-0FFFh -ARAM=060h-0FFh,0100h-01FFhx15 -ABANK0=060h-0FFh \
  -ABANK1=0100h-01FFh -ABANK2=0200h-02FFh -ABANK3=0300h-03FFh \
  -ABANK4=0400h-04FFh -ABANK5=0500h-05FFh -ABANK6=0600h-06FFh \
  -ABANK7=0700h-07FFh -ABANK8=0800h-08FFh -ABANK9=0900h-09FFh \
  -ABANK10=0A00h-0AFFh -ABANK11=0B00h-0BFFh -ABANK12=0C00h-0CFFh \
  -ABANK13=0D00h-0DFFh -ABANK14=0E00h-0EFFh -ABANK15=0F00h-0FFFh \
  -ASFR=03800h-038FFhx7,03F00h-03F5Fh,03F60h-03FFFh \
  -ACONFIG=0300000h-0300009h -AIDLOC=0200000h-020000Fh \
  -AEEDATA=0310000h-03103FFh -peeprom_data=EEDATA -preset_vec=00h \
  -ppowerup=CODE,init -pramtop=01000h -psmallconst=SMALLCONST \
  -pmediumconst=MEDIUMCONST -pconst=CONST -AFARRAM=00h-00h \
  -prdata=COMRAM,nvrram=COMRAM,nvbit=COMRAM,rbss=COMRAM,rbit=COMRAM \
  -pfarbss=FARRAM,fardata=FARRAM,nvFARRAM=FARRAM \
  -pintsave_regs=BIGRAM,bigbss=BIGRAM,bigdata=BIGRAM -pbss=RAM \
  -pidata=CODE,irdata=CODE,ibigdata=CODE,ifardata=CODE -prparam=COMRAM \
  C:\Users\Manmo\AppData\Local\Temp\si04xd.o \
  dist/default/production\Exercise1.X.production.o 

Object code version is 3.11

Machine type is 18F46K42



                Name                               Link     Load   Length Selector   Space Scale
C:\Users\Manmo\AppData\Local\Temp\si04xd.o
                idloc                            200000   200000       10        0       5
                config                           300000   300000        A        0       4
                init                               FFFC     FFFC        4     7FFE       0
                reset_vec                             0        0        4        0       0
dist/default/production\Exercise1.X.production.o
                idloc                            200000   200000       10        0       5
                config                           300000   300000        A        0       4
                mediumconst                        FE88     FE88      174     7F44       0
                text38                             CC50     CC50       18     6628       0
                text37                             D062     D062       94     6831       0
                text36                             CCA0     CCA0       24     6650       0
                text35                             CC16     CC16        A     660B       0
                text34                             CC20     CC20        A     6610       0
                text33                             CC2A     CC2A        A     6615       0
                text32                             CED2     CED2       5E     6769       0
                text31                             CC3E     CC3E       12     661F       0
                text30                             CCEA     CCEA       2A     6675       0
                text29                             CD14     CD14       38     668A       0
                text28                             CE80     CE80       52     6740       0
                text27                             D9E8     D9E8      1AE     6CF4       0
                text26                             D2E6     D2E6       C4     6973       0
                text25                             D236     D236       B0     691B       0
                text24                             DDA8     DDA8      39A     6ED4       0
                text23                             D18C     D18C       AA     68C6       0
                text22                             D662     D662      104     6B31       0
                text21                             E142     E142      44E     70A1       0
                text20                             CD4C     CD4C       38     66A6       0
                text19                             E590     E590      4C0     72C8       0
                text18                             CE3A     CE3A       46     671D       0
                text17                             D766     D766      106     6BB3       0
                text16                             D564     D564       FE     6AB2       0
                text15                             DB96     DB96      212     6DCB       0
                text14                             CC68     CC68       1A     6634       0
                text13                             CC34     CC34        A     661A       0
                text12                             D0F6     D0F6       96     687B       0
                text11                             CDF6     CDF6       44     66FB       0
                text10                             CDBC     CDBC       3A     66DE       0
                text9                              D3AA     D3AA       C6     69D5       0
                text8                              CFF8     CFF8       6A     67FC       0
                text7                              CD84     CD84       38     66C2       0
                text6                              CF30     CF30       60     6798       0
                text5                              F1DE     F1DE      CAA     78EF       0
                text4                              D470     D470       F4     6A38       0
                text3                              EA50     EA50      78E     7528       0
                text2                              CF90     CF90       68     67C8       0
                text1                              CCC4     CCC4       26     6662       0
                text0                              D86C     D86C      17C     6C36       0
                cstackCOMRAM                          1        1       5F        1       1
                cstackBANK0                          60       60       62       60       1
                bssBANK1                            100      100       50      100       1
                bssBANK0                             C2       C2       11       60       1
                cinit                              CC82     CC82       1E     6641       0
                nvBANK0                              D3       D3        6       60       1

TOTAL           Name                               Link     Load   Length     Space
        CLASS   STACK          

        CLASS   CODE           
                init                               FFFC     FFFC        4         0
                reset_vec                             0        0        4         0
                text38                             CC50     CC50       18         0
                text37                             D062     D062       94         0
                text36                             CCA0     CCA0       24         0
                text35                             CC16     CC16        A         0
                text34                             CC20     CC20        A         0
                text33                             CC2A     CC2A        A         0
                text32                             CED2     CED2       5E         0
                text31                             CC3E     CC3E       12         0
                text30                             CCEA     CCEA       2A         0
                text29                             CD14     CD14       38         0
                text28                             CE80     CE80       52         0
                text27                             D9E8     D9E8      1AE         0
                text26                             D2E6     D2E6       C4         0
                text25                             D236     D236       B0         0
                text24                             DDA8     DDA8      39A         0
                text23                             D18C     D18C       AA         0
                text22                             D662     D662      104         0
                text21                             E142     E142      44E         0
                text20                             CD4C     CD4C       38         0
                text19                             E590     E590      4C0         0
                text18                             CE3A     CE3A       46         0
                text17                             D766     D766      106         0
                text16                             D564     D564       FE         0
                text15                             DB96     DB96      212         0
                text14                             CC68     CC68       1A         0
                text13                             CC34     CC34        A         0
                text12                             D0F6     D0F6       96         0
                text11                             CDF6     CDF6       44         0
                text10                             CDBC     CDBC       3A         0
                text9                              D3AA     D3AA       C6         0
                text8                              CFF8     CFF8       6A         0
                text7                              CD84     CD84       38         0
                text6                              CF30     CF30       60         0
                text5                              F1DE     F1DE      CAA         0
                text4                              D470     D470       F4         0
                text3                              EA50     EA50      78E         0
                text2                              CF90     CF90       68         0
                text1                              CCC4     CCC4       26         0
                text0                              D86C     D86C      17C         0
                cinit                              CC82     CC82       1E         0

        CLASS   CONST          

        CLASS   SMALLCONST     

        CLASS   MEDIUMCONST    
                mediumconst                        FE88     FE88      174         0

        CLASS   COMRAM         
                cstackCOMRAM                          1        1       5F         1

        CLASS   ABS1           

        CLASS   BIGRAM         

        CLASS   RAM            

        CLASS   BANK0          
                cstackBANK0                          60       60       62         1
                bssBANK0                             C2       C2       11         1
                nvBANK0                              D3       D3        6         1

        CLASS   BANK1          
                bssBANK1                            100      100       50         1

        CLASS   BANK2          

        CLASS   BANK3          

        CLASS   BANK4          

        CLASS   BANK5          

        CLASS   BANK6          

        CLASS   BANK7          

        CLASS   BANK8          

        CLASS   BANK9          

        CLASS   BANK10         

        CLASS   BANK11         

        CLASS   BANK12         

        CLASS   BANK13         

        CLASS   BANK14         

        CLASS   BANK15         

        CLASS   SFR            

        CLASS   CONFIG         
                config                           300000   300000        A         4

        CLASS   IDLOC          
                idloc                            200000   200000       10         5

        CLASS   EEDATA         

        CLASS   FARRAM         



SEGMENTS        Name                           Load    Length   Top    Selector   Space  Class

                reset_vec                      000000  000004  000004         0       0  CODE    
                cstackCOMRAM                   000001  00005F  000060         1       1  COMRAM  
                cstackBANK0                    000060  000079  0000D9        60       1  BANK0   
                bssBANK1                       000100  000050  000150       100       1  BANK1   
                text35                         00CC16  00000A  00CC20      660B       0  CODE    
                text34                         00CC20  00000A  00CC2A      6610       0  CODE    
                text33                         00CC2A  00000A  00CC34      6615       0  CODE    
                text13                         00CC34  00000A  00CC3E      661A       0  CODE    
                text31                         00CC3E  000012  00CC50      661F       0  CODE    
                text38                         00CC50  000018  00CC68      6628       0  CODE    
                text14                         00CC68  00001A  00CC82      6634       0  CODE    
                cinit                          00CC82  00001E  00CCA0      6641       0  CODE    
                text36                         00CCA0  000024  00CCC4      6650       0  CODE    
                text1                          00CCC4  000026  00CCEA      6662       0  CODE    
                text30                         00CCEA  00002A  00CD14      6675       0  CODE    
                text29                         00CD14  000038  00CD4C      668A       0  CODE    
                text20                         00CD4C  000038  00CD84      66A6       0  CODE    
                text7                          00CD84  000038  00CDBC      66C2       0  CODE    
                text10                         00CDBC  00003A  00CDF6      66DE       0  CODE    
                text11                         00CDF6  000044  00CE3A      66FB       0  CODE    
                text18                         00CE3A  000046  00CE80      671D       0  CODE    
                text28                         00CE80  000052  00CED2      6740       0  CODE    
                text32                         00CED2  00005E  00CF30      6769       0  CODE    
                text6                          00CF30  000060  00CF90      6798       0  CODE    
                text2                          00CF90  000068  00CFF8      67C8       0  CODE    
                text8                          00CFF8  00006A  00D062      67FC       0  CODE    
                text37                         00D062  000094  00D0F6      6831       0  CODE    
                text12                         00D0F6  000096  00D18C      687B       0  CODE    
                text23                         00D18C  0000AA  00D236      68C6       0  CODE    
                text25                         00D236  0000B0  00D2E6      691B       0  CODE    
                text26                         00D2E6  0000C4  00D3AA      6973       0  CODE    
                text9                          00D3AA  0000C6  00D470      69D5       0  CODE    
                text4                          00D470  0000F4  00D564      6A38       0  CODE    
                text16                         00D564  0000FE  00D662      6AB2       0  CODE    
                text22                         00D662  000104  00D766      6B31       0  CODE    
                text17                         00D766  000106  00D86C      6BB3       0  CODE    
                text0                          00D86C  00017C  00D9E8      6C36       0  CODE    
                text27                         00D9E8  0001AE  00DB96      6CF4       0  CODE    
                text15                         00DB96  000212  00DDA8      6DCB       0  CODE    
                text24                         00DDA8  00039A  00E142      6ED4       0  CODE    
                text21                         00E142  00044E  00E590      70A1       0  CODE    
                text19                         00E590  0004C0  00EA50      72C8       0  CODE    
                text3                          00EA50  00078E  00F1DE      7528       0  CODE    
                text5                          00F1DE  000CAA  00FE88      78EF       0  CODE    
                mediumconst                    00FE88  000174  00FFFC      7F44       0  MEDIUMCO
                init                           00FFFC  000004  010000      7FFE       0  CODE    


UNUSED ADDRESS RANGES

        Name                Unused          Largest block    Delta
        BANK0            0000D9-0000FF               27
        BANK1            000150-0001FF               B0
        BANK10           000A00-000AFF              100
        BANK11           000B00-000BFF              100
        BANK12           000C00-000CFF              100
        BANK13           000D00-000DFF              100
        BANK14           000E00-000EFF              100
        BANK15           000F00-000FFF              100
        BANK2            000200-0002FF              100
        BANK3            000300-0003FF              100
        BANK4            000400-0004FF              100
        BANK5            000500-0005FF              100
        BANK6            000600-0006FF              100
        BANK7            000700-0007FF              100
        BANK8            000800-0008FF              100
        BANK9            000900-0009FF              100
        BIGRAM           0000D9-0000FF               27
                         000150-000FFF              EB0
        CODE             000004-00CC15             CC12
        CONST            000004-00CC15             CC12
        EEDATA           310000-3103FF              400
        MEDIUMCONST      001000-00CC15             BC16
        RAM              0000D9-0000FF               27
                         000150-000FFF              100
        SFR              003800-003FFF              100
        SMALLCONST       001000-00CC15              100
        STACK            000150-000FFF              EB0

                                  Symbol Table

?___awdiv                                     cstackCOMRAM 000001
?___awmod                                     cstackCOMRAM 000001
?___fladd                                     cstackCOMRAM 000001
?___fldiv                                     cstackCOMRAM 000001
?___flmul                                     cstackCOMRAM 000001
?___flneg                                     cstackCOMRAM 000001
?___flsub                                     cstackCOMRAM 00001A
?___fltol                                     cstackCOMRAM 000001
?___fpclassifyf                               cstackCOMRAM 000001
?___wmul                                      cstackCOMRAM 000001
?_atoi                                        cstackCOMRAM 000008
?_efgtoa                                      cstackCOMRAM 00002E
?_floorf                                      cstackCOMRAM 00001A
?_isdigit                                     cstackCOMRAM 000001
?_isspace                                     cstackCOMRAM 000001
?_isupper                                     cstackCOMRAM 000001
?_pad                                         cstackCOMRAM 000013
?_printf                                      cstackBANK0  000098
?_strlen                                      cstackCOMRAM 000001
?_strncmp                                     cstackCOMRAM 000001
?_tolower                                     cstackCOMRAM 000007
?_vfpfcnvrt                                   cstackCOMRAM 00003A
?_vfprintf                                    cstackCOMRAM 000054
UART2_SetErrorHandler@interruptHandler        cstackCOMRAM 000001
UART2_SetFramingErrorHandler@interruptHandler cstackCOMRAM 000001
UART2_SetOverrunErrorHandler@interruptHandler cstackCOMRAM 000001
UART2_Write@txData                            cstackCOMRAM 000001
_ANSELA                                       (abs)        003A40
_ANSELB                                       (abs)        003A50
_ANSELC                                       (abs)        003A60
_ANSELD                                       (abs)        003A70
_ANSELE                                       (abs)        003A80
_INLVLA                                       (abs)        003A44
_INLVLB                                       (abs)        003A54
_INLVLC                                       (abs)        003A64
_INLVLD                                       (abs)        003A74
_INLVLE                                       (abs)        003A84
_LATA                                         (abs)        003FBA
_LATB                                         (abs)        003FBB
_LATC                                         (abs)        003FBC
_LATD                                         (abs)        003FBD
_LATE                                         (abs)        003FBE
_ODCONA                                       (abs)        003A42
_ODCONB                                       (abs)        003A52
_ODCONC                                       (abs)        003A62
_ODCOND                                       (abs)        003A72
_ODCONE                                       (abs)        003A82
_OSCCON1                                      (abs)        0039D9
_OSCCON3                                      (abs)        0039DB
_OSCEN                                        (abs)        0039DD
_OSCFRQ                                       (abs)        0039DF
_OSCILLATOR_Initialize                        text38       00CC50
_OSCTUNE                                      (abs)        0039DE
_PIN_MANAGER_Initialize                       text37       00D062
_PIR6bits                                     (abs)        0039A6
_PMD0                                         (abs)        0039C0
_PMD1                                         (abs)        0039C1
_PMD2                                         (abs)        0039C2
_PMD3                                         (abs)        0039C3
_PMD4                                         (abs)        0039C4
_PMD5                                         (abs)        0039C5
_PMD6                                         (abs)        0039C6
_PMD7                                         (abs)        0039C7
_PMD_Initialize                               text36       00CCA0
_RB1I2C                                       (abs)        003A5A
_RB2I2C                                       (abs)        003A5B
_RB6PPS                                       (abs)        003A0E
_RC3I2C                                       (abs)        003A6A
_RC4I2C                                       (abs)        003A6B
_RD0I2C                                       (abs)        003A7A
_RD1I2C                                       (abs)        003A7B
_SLRCONA                                      (abs)        003A43
_SLRCONB                                      (abs)        003A53
_SLRCONC                                      (abs)        003A63
_SLRCOND                                      (abs)        003A73
_SLRCONE                                      (abs)        003A83
_SYSTEM_Initialize                            text31       00CC3E
_TRISA                                        (abs)        003FC2
_TRISB                                        (abs)        003FC3
_TRISC                                        (abs)        003FC4
_TRISD                                        (abs)        003FC5
_TRISE                                        (abs)        003FC6
_U2BRGH                                       (abs)        003DDE
_U2BRGL                                       (abs)        003DDD
_U2CON0                                       (abs)        003DDA
_U2CON0bits                                   (abs)        003DDA
_U2CON1                                       (abs)        003DDB
_U2CON2                                       (abs)        003DDC
_U2ERRIE                                      (abs)        003DE2
_U2ERRIR                                      (abs)        003DE1
_U2ERRIRbits                                  (abs)        003DE1
_U2FIFO                                       (abs)        003DDF
_U2P1L                                        (abs)        003DD4
_U2P2L                                        (abs)        003DD6
_U2P3L                                        (abs)        003DD8
_U2RXB                                        (abs)        003DD0
_U2RXPPS                                      (abs)        003AE8
_U2TXB                                        (abs)        003DD2
_U2UIR                                        (abs)        003DE0
_UART2_DefaultErrorHandler                    (abs)        000000
_UART2_DefaultFramingErrorHandler             (abs)        000000
_UART2_DefaultOverrunErrorHandler             (abs)        000000
_UART2_ErrorHandler                           nvBANK0      0000D3
_UART2_FramingErrorHandler                    nvBANK0      0000D7
_UART2_Initialize                             text32       00CED2
_UART2_OverrunErrorHandler                    nvBANK0      0000D5
_UART2_SetErrorHandler                        text35       00CC16
_UART2_SetFramingErrorHandler                 text34       00CC20
_UART2_SetOverrunErrorHandler                 text33       00CC2A
_UART2_Write                                  text14       00CC68
_WPUA                                         (abs)        003A41
_WPUB                                         (abs)        003A51
_WPUC                                         (abs)        003A61
_WPUD                                         (abs)        003A71
_WPUE                                         (abs)        003A81
__HRAM                                        (abs)        000000
__Habs1                                       abs1         000000
__Hbank0                                      bank0        000000
__Hbank1                                      bank1        000000
__Hbank10                                     bank10       000000
__Hbank11                                     bank11       000000
__Hbank12                                     bank12       000000
__Hbank13                                     bank13       000000
__Hbank14                                     bank14       000000
__Hbank15                                     bank15       000000
__Hbank2                                      bank2        000000
__Hbank3                                      bank3        000000
__Hbank4                                      bank4        000000
__Hbank5                                      bank5        000000
__Hbank6                                      bank6        000000
__Hbank7                                      bank7        000000
__Hbank8                                      bank8        000000
__Hbank9                                      bank9        000000
__Hbigbss                                     bigbss       000000
__Hbigdata                                    bigdata      000000
__Hbigram                                     bigram       000000
__Hbss                                        bss          000000
__HbssBANK0                                   bssBANK0     000000
__HbssBANK1                                   bssBANK1     000000
__Hcinit                                      cinit        000000
__Hclrtext                                    clrtext      000000
__Hcomram                                     comram       000000
__Hconfig                                     config       30000A
__Hconst                                      const        000000
__HcstackBANK0                                cstackBANK0  000000
__HcstackCOMRAM                               cstackCOMRAM 000000
__Hdata                                       data         000000
__Heeprom_data                                eeprom_data  000000
__Hfarbss                                     farbss       000000
__Hfardata                                    fardata      000000
__Hibigdata                                   ibigdata     000000
__Hidata                                      idata        000000
__Hidloc                                      idloc        200010
__Hifardata                                   ifardata     000000
__Hinit                                       init         010000
__Hintsave_regs                               intsave_regs 000000
__Hirdata                                     irdata       000000
__Hmediumconst                                mediumconst  00FFFC
__HnvBANK0                                    nvBANK0      000000
__HnvFARRAM                                   nvFARRAM     000000
__Hnvbit                                      nvbit        000000
__Hnvrram                                     nvrram       000000
__Hparam                                      rparam       000000
__Hpowerup                                    powerup      000000
__Hram                                        ram          000000
__Hramtop                                     ramtop       001000
__Hrbit                                       rbit         000000
__Hrbss                                       rbss         000000
__Hrdata                                      rdata        000000
__Hreset_vec                                  reset_vec    000004
__Hrparam                                     rparam       000000
__Hsfr                                        sfr          000000
__Hsmallconst                                 smallconst   000000
__Hspace_0                                    (abs)        010000
__Hspace_1                                    (abs)        000150
__Hspace_2                                    (abs)        000000
__Hspace_4                                    (abs)        60000A
__Hstack                                      stack        000000
__Hstruct                                     struct       000000
__Htemp                                       temp         000000
__Htext                                       text         000000
__Htext0                                      text0        000000
__Htext1                                      text1        000000
__Htext10                                     text10       000000
__Htext11                                     text11       000000
__Htext12                                     text12       000000
__Htext13                                     text13       000000
__Htext14                                     text14       000000
__Htext15                                     text15       000000
__Htext16                                     text16       000000
__Htext17                                     text17       000000
__Htext18                                     text18       000000
__Htext19                                     text19       000000
__Htext2                                      text2        000000
__Htext20                                     text20       000000
__Htext21                                     text21       000000
__Htext22                                     text22       000000
__Htext23                                     text23       000000
__Htext24                                     text24       000000
__Htext25                                     text25       000000
__Htext26                                     text26       000000
__Htext27                                     text27       000000
__Htext28                                     text28       000000
__Htext29                                     text29       000000
__Htext3                                      text3        000000
__Htext30                                     text30       000000
__Htext31                                     text31       000000
__Htext32                                     text32       000000
__Htext33                                     text33       000000
__Htext34                                     text34       000000
__Htext35                                     text35       000000
__Htext36                                     text36       000000
__Htext37                                     text37       000000
__Htext38                                     text38       000000
__Htext4                                      text4        000000
__Htext5                                      text5        000000
__Htext6                                      text6        000000
__Htext7                                      text7        000000
__Htext8                                      text8        000000
__Htext9                                      text9        000000
__LRAM                                        (abs)        000001
__Labs1                                       abs1         000000
__Lbank0                                      bank0        000000
__Lbank1                                      bank1        000000
__Lbank10                                     bank10       000000
__Lbank11                                     bank11       000000
__Lbank12                                     bank12       000000
__Lbank13                                     bank13       000000
__Lbank14                                     bank14       000000
__Lbank15                                     bank15       000000
__Lbank2                                      bank2        000000
__Lbank3                                      bank3        000000
__Lbank4                                      bank4        000000
__Lbank5                                      bank5        000000
__Lbank6                                      bank6        000000
__Lbank7                                      bank7        000000
__Lbank8                                      bank8        000000
__Lbank9                                      bank9        000000
__Lbigbss                                     bigbss       000000
__Lbigdata                                    bigdata      000000
__Lbigram                                     bigram       000000
__Lbss                                        bss          000000
__LbssBANK0                                   bssBANK0     000000
__LbssBANK1                                   bssBANK1     000000
__Lcinit                                      cinit        000000
__Lclrtext                                    clrtext      000000
__Lcomram                                     comram       000000
__Lconfig                                     config       000000
__Lconst                                      const        000000
__LcstackBANK0                                cstackBANK0  000000
__LcstackCOMRAM                               cstackCOMRAM 000000
__Ldata                                       data         000000
__Leeprom_data                                eeprom_data  000000
__Lfarbss                                     farbss       000000
__Lfardata                                    fardata      000000
__Libigdata                                   ibigdata     000000
__Lidata                                      idata        000000
__Lidloc                                      idloc        000000
__Lifardata                                   ifardata     000000
__Linit                                       init         00FFFC
__Lintsave_regs                               intsave_regs 000000
__Lirdata                                     irdata       000000
__Lmediumconst                                mediumconst  00FE88
__LnvBANK0                                    nvBANK0      000000
__LnvFARRAM                                   nvFARRAM     000000
__Lnvbit                                      nvbit        000000
__Lnvrram                                     nvrram       000000
__Lparam                                      rparam       000000
__Lpowerup                                    powerup      000000
__Lram                                        ram          000000
__Lramtop                                     ramtop       001000
__Lrbit                                       rbit         000000
__Lrbss                                       rbss         000000
__Lrdata                                      rdata        000000
__Lreset_vec                                  reset_vec    000000
__Lrparam                                     rparam       000000
__Lsfr                                        sfr          000000
__Lsmallconst                                 smallconst   000000
__Lspace_0                                    (abs)        000000
__Lspace_1                                    (abs)        000000
__Lspace_2                                    (abs)        000000
__Lspace_4                                    (abs)        000000
__Lstack                                      stack        000000
__Lstruct                                     struct       000000
__Ltemp                                       temp         000000
__Ltext                                       text         000000
__Ltext0                                      text0        000000
__Ltext1                                      text1        000000
__Ltext10                                     text10       000000
__Ltext11                                     text11       000000
__Ltext12                                     text12       000000
__Ltext13                                     text13       000000
__Ltext14                                     text14       000000
__Ltext15                                     text15       000000
__Ltext16                                     text16       000000
__Ltext17                                     text17       000000
__Ltext18                                     text18       000000
__Ltext19                                     text19       000000
__Ltext2                                      text2        000000
__Ltext20                                     text20       000000
__Ltext21                                     text21       000000
__Ltext22                                     text22       000000
__Ltext23                                     text23       000000
__Ltext24                                     text24       000000
__Ltext25                                     text25       000000
__Ltext26                                     text26       000000
__Ltext27                                     text27       000000
__Ltext28                                     text28       000000
__Ltext29                                     text29       000000
__Ltext3                                      text3        000000
__Ltext30                                     text30       000000
__Ltext31                                     text31       000000
__Ltext32                                     text32       000000
__Ltext33                                     text33       000000
__Ltext34                                     text34       000000
__Ltext35                                     text35       000000
__Ltext36                                     text36       000000
__Ltext37                                     text37       000000
__Ltext38                                     text38       000000
__Ltext4                                      text4        000000
__Ltext5                                      text5        000000
__Ltext6                                      text6        000000
__Ltext7                                      text7        000000
__Ltext8                                      text8        000000
__Ltext9                                      text9        000000
__S0                                          (abs)        010000
__S1                                          (abs)        000150
__S2                                          (abs)        000000
__S4                                          (abs)        000000
__S5                                          (abs)        000000
___awdiv                                      text26       00D2E6
___awdiv@counter                              cstackCOMRAM 000005
___awdiv@dividend                             cstackCOMRAM 000001
___awdiv@divisor                              cstackCOMRAM 000003
___awdiv@quotient                             cstackCOMRAM 000007
___awdiv@sign                                 cstackCOMRAM 000006
___awmod                                      text25       00D236
___awmod@counter                              cstackCOMRAM 000005
___awmod@dividend                             cstackCOMRAM 000001
___awmod@divisor                              cstackCOMRAM 000003
___awmod@sign                                 cstackCOMRAM 000006
___fladd                                      text19       00E590
___fladd@a                                    cstackCOMRAM 000005
___fladd@aexp                                 cstackCOMRAM 00000E
___fladd@b                                    cstackCOMRAM 000001
___fladd@bexp                                 cstackCOMRAM 00000F
___fladd@grs                                  cstackCOMRAM 000010
___fladd@signs                                cstackCOMRAM 00000D
___fldiv                                      text24       00DDA8
___fldiv@a                                    cstackCOMRAM 000005
___fldiv@aexp                                 cstackCOMRAM 000019
___fldiv@b                                    cstackCOMRAM 000001
___fldiv@bexp                                 cstackCOMRAM 000018
___fldiv@grs                                  cstackCOMRAM 000014
___fldiv@new_exp                              cstackCOMRAM 000012
___fldiv@rem                                  cstackCOMRAM 00000D
___fldiv@sign                                 cstackCOMRAM 000011
___fleq                                       text23       00D18C
___fleq@ff1                                   cstackCOMRAM 000001
___fleq@ff2                                   cstackCOMRAM 000005
___flge                                       text22       00D662
___flge@ff1                                   cstackCOMRAM 00001A
___flge@ff2                                   cstackCOMRAM 00001E
___flmul                                      text21       00E142
___flmul@a                                    cstackCOMRAM 000005
___flmul@aexp                                 cstackCOMRAM 000012
___flmul@b                                    cstackCOMRAM 000001
___flmul@bexp                                 cstackCOMRAM 000013
___flmul@grs                                  cstackCOMRAM 00000E
___flmul@prod                                 cstackCOMRAM 000014
___flmul@sign                                 cstackCOMRAM 00000D
___flmul@temp                                 cstackCOMRAM 000018
___flneg                                      text20       00CD4C
___flneg@f1                                   cstackCOMRAM 000001
___flsub                                      text18       00CE3A
___flsub@a                                    cstackCOMRAM 00001E
___flsub@b                                    cstackCOMRAM 00001A
___fltol                                      text17       00D766
___fltol@exp1                                 cstackCOMRAM 00000A
___fltol@f1                                   cstackCOMRAM 000001
___fltol@sign1                                cstackCOMRAM 000009
___fpclassifyf                                text16       00D564
___fpclassifyf@F465                           bssBANK0     0000C6
___fpclassifyf@e                              cstackCOMRAM 000009
___fpclassifyf@u                              cstackCOMRAM 00000B
___fpclassifyf@x                              cstackCOMRAM 000001
___inthi_sp                                   stack        000000
___intlo_sp                                   stack        000000
___param_bank                                 (abs)        000000
___rparam_used                                (abs)        000001
___sp                                         stack        000000
___wmul                                       text30       00CCEA
___wmul@multiplicand                          cstackCOMRAM 000003
___wmul@multiplier                            cstackCOMRAM 000001
___wmul@product                               cstackCOMRAM 000005
__accesstop                                   (abs)        000060
__activetblptr                                (abs)        000003
__end_of_OSCILLATOR_Initialize                text38       00CC68
__end_of_PIN_MANAGER_Initialize               text37       00D0F6
__end_of_PMD_Initialize                       text36       00CCC4
__end_of_SYSTEM_Initialize                    text31       00CC50
__end_of_UART2_Initialize                     text32       00CF30
__end_of_UART2_SetErrorHandler                text35       00CC20
__end_of_UART2_SetFramingErrorHandler         text34       00CC2A
__end_of_UART2_SetOverrunErrorHandler         text33       00CC34
__end_of_UART2_Write                          text14       00CC82
__end_of___awdiv                              text26       00D3AA
__end_of___awmod                              text25       00D2E6
__end_of___fladd                              text19       00EA50
__end_of___fldiv                              text24       00E142
__end_of___fleq                               text23       00D236
__end_of___flge                               text22       00D766
__end_of___flmul                              text21       00E590
__end_of___flneg                              text20       00CD84
__end_of___flsub                              text18       00CE80
__end_of___fltol                              text17       00D86C
__end_of___fpclassifyf                        text16       00D662
__end_of___wmul                               text30       00CD14
__end_of__initialization                      cinit        00CC9A
__end_of_atoi                                 text27       00DB96
__end_of_efgtoa                               text5        00FE88
__end_of_floorf                               text15       00DDA8
__end_of_fputc                                text12       00D18C
__end_of_fputs                                text11       00CE3A
__end_of_isdigit                              text29       00CD4C
__end_of_isspace                              text28       00CED2
__end_of_isupper                              text7        00CDBC
__end_of_main                                 text0        00D9E8
__end_of_pad                                  text9        00D470
__end_of_printf                               text1        00CCEA
__end_of_putch                                text13       00CC3E
__end_of_strcpy                               text8        00D062
__end_of_strlen                               text10       00CDF6
__end_of_strncmp                              text4        00D564
__end_of_tolower                              text6        00CF90
__end_of_vfpfcnvrt                            text3        00F1DE
__end_of_vfprintf                             text2        00CFF8
__initialization                              cinit        00CC82
__mediumconst                                 mediumconst  00FE88
__pbssBANK0                                   bssBANK0     0000C2
__pbssBANK1                                   bssBANK1     000100
__pcinit                                      cinit        00CC82
__pcstackBANK0                                cstackBANK0  000060
__pcstackCOMRAM                               cstackCOMRAM 000001
__pmediumconst                                mediumconst  00FE88
__pnvBANK0                                    nvBANK0      0000D3
__ptext0                                      text0        00D86C
__ptext1                                      text1        00CCC4
__ptext10                                     text10       00CDBC
__ptext11                                     text11       00CDF6
__ptext12                                     text12       00D0F6
__ptext13                                     text13       00CC34
__ptext14                                     text14       00CC68
__ptext15                                     text15       00DB96
__ptext16                                     text16       00D564
__ptext17                                     text17       00D766
__ptext18                                     text18       00CE3A
__ptext19                                     text19       00E590
__ptext2                                      text2        00CF90
__ptext20                                     text20       00CD4C
__ptext21                                     text21       00E142
__ptext22                                     text22       00D662
__ptext23                                     text23       00D18C
__ptext24                                     text24       00DDA8
__ptext25                                     text25       00D236
__ptext26                                     text26       00D2E6
__ptext27                                     text27       00D9E8
__ptext28                                     text28       00CE80
__ptext29                                     text29       00CD14
__ptext3                                      text3        00EA50
__ptext30                                     text30       00CCEA
__ptext31                                     text31       00CC3E
__ptext32                                     text32       00CED2
__ptext33                                     text33       00CC2A
__ptext34                                     text34       00CC20
__ptext35                                     text35       00CC16
__ptext36                                     text36       00CCA0
__ptext37                                     text37       00D062
__ptext38                                     text38       00CC50
__ptext4                                      text4        00D470
__ptext5                                      text5        00F1DE
__ptext6                                      text6        00CF30
__ptext7                                      text7        00CD84
__ptext8                                      text8        00CFF8
__ptext9                                      text9        00D3AA
__ramtop                                      ramtop       001000
__size_of_OSCILLATOR_Initialize               (abs)        000000
__size_of_PIN_MANAGER_Initialize              (abs)        000000
__size_of_PMD_Initialize                      (abs)        000000
__size_of_SYSTEM_Initialize                   (abs)        000000
__size_of_UART2_Initialize                    (abs)        000000
__size_of_UART2_SetErrorHandler               (abs)        000000
__size_of_UART2_SetFramingErrorHandler        (abs)        000000
__size_of_UART2_SetOverrunErrorHandler        (abs)        000000
__size_of_UART2_Write                         (abs)        000000
__size_of___awdiv                             (abs)        000000
__size_of___awmod                             (abs)        000000
__size_of___fladd                             (abs)        000000
__size_of___fldiv                             (abs)        000000
__size_of___fleq                              (abs)        000000
__size_of___flge                              (abs)        000000
__size_of___flmul                             (abs)        000000
__size_of___flneg                             (abs)        000000
__size_of___flsub                             (abs)        000000
__size_of___fltol                             (abs)        000000
__size_of___fpclassifyf                       (abs)        000000
__size_of___wmul                              (abs)        000000
__size_of_atoi                                (abs)        000000
__size_of_efgtoa                              (abs)        000000
__size_of_floorf                              (abs)        000000
__size_of_fputc                               (abs)        000000
__size_of_fputs                               (abs)        000000
__size_of_isdigit                             (abs)        000000
__size_of_isspace                             (abs)        000000
__size_of_isupper                             (abs)        000000
__size_of_main                                (abs)        000000
__size_of_pad                                 (abs)        000000
__size_of_printf                              (abs)        000000
__size_of_putch                               (abs)        000000
__size_of_strcpy                              (abs)        000000
__size_of_strlen                              (abs)        000000
__size_of_strncmp                             (abs)        000000
__size_of_tolower                             (abs)        000000
__size_of_vfpfcnvrt                           (abs)        000000
__size_of_vfprintf                            (abs)        000000
__smallconst                                  smallconst   000000
_atoi                                         text27       00D9E8
_atoi$975                                     cstackCOMRAM 000010
_atoi$976                                     cstackCOMRAM 000014
_atoi$977                                     cstackCOMRAM 000012
_dbuf                                         bssBANK1     000100
_efgtoa                                       text5        00F1DE
_efgtoa$910                                   cstackBANK0  000060
_efgtoa$911                                   cstackBANK0  000062
_efgtoa$916                                   cstackBANK0  000064
_efgtoa$920                                   cstackBANK0  000066
_efgtoa$921                                   cstackBANK0  000068
_efgtoa$922                                   cstackBANK0  00006A
_flags                                        bssBANK0     0000D0
_floorf                                       text15       00DB96
_fputc                                        text12       00D0F6
_fputs                                        text11       00CDF6
_isdigit                                      text29       00CD14
_isspace                                      text28       00CE80
_isspace$1006                                 cstackCOMRAM 000007
_isupper                                      text7        00CD84
_main                                         text0        00D86C
_nout                                         bssBANK0     0000CA
_pad                                          text9        00D3AA
_prec                                         bssBANK0     0000CE
_printf                                       text1        00CCC4
_putch                                        text13       00CC34
_strcpy                                       text8        00CFF8
_strlen                                       text10       00CDBC
_strncmp                                      text4        00D470
_tolower                                      text6        00CF30
_tolower$1064                                 cstackCOMRAM 00000D
_uart2RxLastError                             bssBANK0     0000D2
_vfpfcnvrt                                    text3        00EA50
_vfpfcnvrt$936                                cstackCOMRAM 000046
_vfpfcnvrt$937                                cstackCOMRAM 000048
_vfpfcnvrt$941                                cstackCOMRAM 00004A
_vfprintf                                     text2        00CF90
_width                                        bssBANK0     0000CC
atoi@n                                        cstackCOMRAM 000015
atoi@neg                                      cstackCOMRAM 00000E
atoi@s                                        cstackCOMRAM 000008
efgtoa@c                                      cstackCOMRAM 000034
efgtoa@d                                      cstackBANK0  000078
efgtoa@e                                      cstackBANK0  000090
efgtoa@f                                      cstackCOMRAM 000030
efgtoa@fp                                     cstackCOMRAM 00002E
efgtoa@g                                      cstackBANK0  00008C
efgtoa@h                                      cstackBANK0  000082
efgtoa@i                                      cstackBANK0  00008A
efgtoa@l                                      cstackBANK0  000086
efgtoa@m                                      cstackBANK0  000072
efgtoa@mode                                   cstackBANK0  000081
efgtoa@n                                      cstackBANK0  000092
efgtoa@ne                                     cstackBANK0  000070
efgtoa@nmode                                  cstackBANK0  000080
efgtoa@ou                                     cstackBANK0  000074
efgtoa@p                                      cstackBANK0  00007C
efgtoa@pp                                     cstackBANK0  00006E
efgtoa@sign                                   cstackBANK0  00007A
efgtoa@t                                      cstackBANK0  00006C
efgtoa@u                                      cstackBANK0  000094
efgtoa@w                                      cstackBANK0  00007E
end_of_initialization                         cinit        00CC9A
floorf@F527                                   bssBANK0     0000C2
floorf@e                                      cstackCOMRAM 000028
floorf@m                                      cstackCOMRAM 000024
floorf@u                                      cstackCOMRAM 00002A
floorf@x                                      cstackCOMRAM 00001A
fputc@c                                       cstackCOMRAM 000003
fputc@fp                                      cstackCOMRAM 000005
fputs@c                                       cstackCOMRAM 000010
fputs@fp                                      cstackCOMRAM 00000E
fputs@i                                       cstackCOMRAM 000011
fputs@s                                       cstackCOMRAM 00000C
intlevel0                                     text         000000
intlevel1                                     text         000000
intlevel2                                     text         000000
intlevel3                                     text         000000
isdigit@c                                     cstackCOMRAM 000001
isspace@c                                     cstackCOMRAM 000001
isupper@c                                     cstackCOMRAM 000001
main@a                                        cstackBANK0  0000A6
main@b                                        cstackBANK0  0000AA
main@c                                        cstackBANK0  0000AE
main@d                                        cstackBANK0  0000B2
main@e                                        cstackBANK0  0000B6
main@f                                        cstackBANK0  0000BA
main@x                                        cstackBANK0  0000BE
pad@buf                                       cstackCOMRAM 000015
pad@fp                                        cstackCOMRAM 000013
pad@i                                         cstackCOMRAM 00001A
pad@p                                         cstackCOMRAM 000017
pad@w                                         cstackCOMRAM 00001C
printf@ap                                     cstackCOMRAM 00005E
printf@fmt                                    cstackBANK0  000098
putch@txData                                  cstackCOMRAM 000002
stackhi                                       (abs)        000FFF
stacklo                                       (abs)        000150
start                                         init         00FFFC
start_initialization                          cinit        00CC82
strcpy@d                                      cstackCOMRAM 000009
strcpy@dest                                   cstackCOMRAM 000001
strcpy@s                                      cstackCOMRAM 000007
strcpy@src                                    cstackCOMRAM 000003
strlen@a                                      cstackCOMRAM 000003
strlen@s                                      cstackCOMRAM 000001
strncmp@_l                                    cstackCOMRAM 000001
strncmp@_r                                    cstackCOMRAM 000003
strncmp@l                                     cstackCOMRAM 000008
strncmp@n                                     cstackCOMRAM 000005
strncmp@r                                     cstackCOMRAM 00000A
tolower@c                                     cstackCOMRAM 000007
vfpfcnvrt@ap                                  cstackCOMRAM 00003E
vfpfcnvrt@c                                   cstackCOMRAM 000053
vfpfcnvrt@ct                                  cstackCOMRAM 000050
vfpfcnvrt@done                                cstackCOMRAM 000044
vfpfcnvrt@f                                   cstackCOMRAM 00004C
vfpfcnvrt@fmt                                 cstackCOMRAM 00003C
vfpfcnvrt@fp                                  cstackCOMRAM 00003A
vfprintf@ap                                   cstackCOMRAM 000058
vfprintf@cfmt                                 cstackCOMRAM 00005A
vfprintf@fmt                                  cstackCOMRAM 000056
vfprintf@fp                                   cstackCOMRAM 000054


FUNCTION INFORMATION:

 *************** function _main *****************
 Defined at:
		line 10 in file "main.c"
 Parameters:    Size  Location     Type
		None
 Auto vars:     Size  Location     Type
  x               4   94[BANK0 ] float 
  f               4   90[BANK0 ] float 
  e               4   86[BANK0 ] float 
  d               4   82[BANK0 ] float 
  c               4   78[BANK0 ] float 
  b               4   74[BANK0 ] float 
  a               4   70[BANK0 ] float 
 Return value:  Size  Location     Type
                  1    wreg      void 
 Registers used:
		wreg, fsr0l, fsr0h, fsr1l, fsr1h, fsr2l, fsr2h, status,2, status,0, tblptrl, tblptrh, tblptru, prodl, prodh, cstack
 Tracked objects:
		On entry : 
		On exit  : 
		Unchanged: 
 Data sizes:     COMRAM   BANK0   BANK1   BANK2   BANK3   BANK4   BANK5   BANK6   BANK7   BANK8   BANK9  BANK10  BANK11  BANK12  BANK13  BANK14  BANK15
      Params:         0       0       0       0       0       0       0       0       0       0       0       0       0       0       0       0       0
      Locals:         0      28       0       0       0       0       0       0       0       0       0       0       0       0       0       0       0
      Temps:          0       0       0       0       0       0       0       0       0       0       0       0       0       0       0       0       0
      Totals:         0      28       0       0       0       0       0       0       0       0       0       0       0       0       0       0       0
Total ram usage:       28 bytes
 Hardware stack levels required when called:    9
 This function calls:
		_SYSTEM_Initialize
		_printf
 This function is called by:
		Startup code after reset
 This function uses a non-reentrant model


 *************** function _printf *****************
 Defined at:
		line 5 in file "C:\Program Files\Microchip\xc8\v2.30\pic\sources\c99\common\printf.c"
 Parameters:    Size  Location     Type
  fmt             2   56[BANK0 ] PTR const unsigned char 
		 -> STR_8(33), STR_7(34), STR_6(30), STR_5(75), 
		 -> STR_4(67), STR_3(39), STR_2(37), STR_1(35), 
 Auto vars:     Size  Location     Type
  ap              2   93[COMRAM] PTR void [1]
		 -> ?_printf(2), 
  ret             2    0        int 
 Return value:  Size  Location     Type
                  2   56[BANK0 ] int 
 Registers used:
		wreg, fsr0l, fsr0h, fsr1l, fsr1h, fsr2l, fsr2h, status,2, status,0, tblptrl, tblptrh, tblptru, prodl, prodh, cstack
 Tracked objects:
		On entry : 
		On exit  : 
		Unchanged: 
 Data sizes:     COMRAM   BANK0   BANK1   BANK2   BANK3   BANK4   BANK5   BANK6   BANK7   BANK8   BANK9  BANK10  BANK11  BANK12  BANK13  BANK14  BANK15
      Params:         0      14       0       0       0       0       0       0       0       0       0       0       0       0       0       0       0
      Locals:         4       0       0       0       0       0       0       0       0       0       0       0       0       0       0       0       0
      Temps:          0       0       0       0       0       0       0       0       0       0       0       0       0       0       0       0       0
      Totals:         4      14       0       0       0       0       0       0       0       0       0       0       0       0       0       0       0
Total ram usage:       18 bytes
 Hardware stack levels used:    1
 Hardware stack levels required when called:    8
 This function calls:
		_vfprintf
 This function is called by:
		_main
 This function uses a non-reentrant model


 *************** function _vfprintf *****************
 Defined at:
		line 1390 in file "C:\Program Files\Microchip\xc8\v2.30\pic\sources\c99\common\doprnt.c"
 Parameters:    Size  Location     Type
  fp              2   83[COMRAM] PTR struct _IO_FILE
		 -> NULL(0), 
  fmt             2   85[COMRAM] PTR const unsigned char 
		 -> STR_8(33), STR_7(34), STR_6(30), STR_5(75), 
		 -> STR_4(67), STR_3(39), STR_2(37), STR_1(35), 
  ap              2   87[COMRAM] PTR PTR void 
		 -> printf@ap(2), 
 Auto vars:     Size  Location     Type
  cfmt            2   89[COMRAM] PTR unsigned char 
		 -> STR_8(33), STR_7(34), STR_6(30), STR_5(75), 
		 -> STR_4(67), STR_3(39), STR_2(37), STR_1(35), 
 Return value:  Size  Location     Type
                  2   83[COMRAM] int 
 Registers used:
		wreg, fsr0l, fsr0h, fsr1l, fsr1h, fsr2l, fsr2h, status,2, status,0, tblptrl, tblptrh, tblptru, prodl, prodh, cstack
 Tracked objects:
		On entry : 
		On exit  : 
		Unchanged: 
 Data sizes:     COMRAM   BANK0   BANK1   BANK2   BANK3   BANK4   BANK5   BANK6   BANK7   BANK8   BANK9  BANK10  BANK11  BANK12  BANK13  BANK14  BANK15
      Params:         6       0       0       0       0       0       0       0       0       0       0       0       0       0       0       0       0
      Locals:         2       0       0       0       0       0       0       0       0       0       0       0       0       0       0       0       0
      Temps:          0       0       0       0       0       0       0       0       0       0       0       0       0       0       0       0       0
      Totals:         8       0       0       0       0       0       0       0       0       0       0       0       0       0       0       0       0
Total ram usage:        8 bytes
 Hardware stack levels used:    1
 Hardware stack levels required when called:    7
 This function calls:
		_vfpfcnvrt
 This function is called by:
		_printf
 This function uses a non-reentrant model


 *************** function _vfpfcnvrt *****************
 Defined at:
		line 692 in file "C:\Program Files\Microchip\xc8\v2.30\pic\sources\c99\common\doprnt.c"
 Parameters:    Size  Location     Type
  fp              2   57[COMRAM] PTR struct _IO_FILE
		 -> NULL(0), 
  fmt             2   59[COMRAM] PTR PTR unsigned char 
		 -> vfprintf@cfmt(2), 
  ap              2   61[COMRAM] PTR PTR void 
		 -> printf@ap(2), 
 Auto vars:     Size  Location     Type
  llu             8    0        unsigned long long 
  ll              8    0        long long 
  f               4   75[COMRAM] long long 
  ct              3   79[COMRAM] unsigned char [3]
  vp              3    0        PTR void 
  cp              3    0        PTR unsigned char 
  done            2   67[COMRAM] int 
  i               2    0        int 
  c               1   82[COMRAM] unsigned char 
 Return value:  Size  Location     Type
                  2   57[COMRAM] int 
 Registers used:
		wreg, fsr0l, fsr0h, fsr1l, fsr1h, fsr2l, fsr2h, status,2, status,0, tblptrl, tblptrh, tblptru, prodl, prodh, cstack
 Tracked objects:
		On entry : 
		On exit  : 
		Unchanged: 
 Data sizes:     COMRAM   BANK0   BANK1   BANK2   BANK3   BANK4   BANK5   BANK6   BANK7   BANK8   BANK9  BANK10  BANK11  BANK12  BANK13  BANK14  BANK15
      Params:         6       0       0       0       0       0       0       0       0       0       0       0       0       0       0       0       0
      Locals:        16       0       0       0       0       0       0       0       0       0       0       0       0       0       0       0       0
      Temps:          4       0       0       0       0       0       0       0       0       0       0       0       0       0       0       0       0
      Totals:        26       0       0       0       0       0       0       0       0       0       0       0       0       0       0       0       0
Total ram usage:       26 bytes
 Hardware stack levels used:    1
 Hardware stack levels required when called:    6
 This function calls:
		_atoi
		_efgtoa
		_fputc
		_isdigit
		_isupper
		_strncmp
		_tolower
 This function is called by:
		_vfprintf
 This function uses a non-reentrant model


 *************** function _strncmp *****************
 Defined at:
		line 3 in file "C:\Program Files\Microchip\xc8\v2.30\pic\sources\c99\common\strncmp.c"
 Parameters:    Size  Location     Type
  _l              2    0[COMRAM] PTR const unsigned char 
		 -> vfpfcnvrt@ct(3), 
  _r              2    2[COMRAM] PTR const unsigned char 
		 -> STR_19(3), 
  n               2    4[COMRAM] unsigned int 
 Auto vars:     Size  Location     Type
  r               2    9[COMRAM] PTR const unsigned char 
		 -> STR_19(3), 
  l               2    7[COMRAM] PTR const unsigned char 
		 -> vfpfcnvrt@ct(3), 
 Return value:  Size  Location     Type
                  2    0[COMRAM] int 
 Registers used:
		wreg, fsr2l, fsr2h, status,2, status,0, tblptrl, tblptrh, tblptru
 Tracked objects:
		On entry : 
		On exit  : 
		Unchanged: 
 Data sizes:     COMRAM   BANK0   BANK1   BANK2   BANK3   BANK4   BANK5   BANK6   BANK7   BANK8   BANK9  BANK10  BANK11  BANK12  BANK13  BANK14  BANK15
      Params:         6       0       0       0       0       0       0       0       0       0       0       0       0       0       0       0       0
      Locals:         4       0       0       0       0       0       0       0       0       0       0       0       0       0       0       0       0
      Temps:          1       0       0       0       0       0       0       0       0       0       0       0       0       0       0       0       0
      Totals:        11       0       0       0       0       0       0       0       0       0       0       0       0       0       0       0       0
Total ram usage:       11 bytes
 Hardware stack levels used:    1
 This function calls:
		Nothing
 This function is called by:
		_vfpfcnvrt
 This function uses a non-reentrant model


 *************** function _efgtoa *****************
 Defined at:
		line 332 in file "C:\Program Files\Microchip\xc8\v2.30\pic\sources\c99\common\doprnt.c"
 Parameters:    Size  Location     Type
  fp              2   45[COMRAM] PTR struct _IO_FILE
		 -> NULL(0), 
  f               4   47[COMRAM] PTR struct _IO_FILE
  c               1   51[COMRAM] unsigned char 
 Auto vars:     Size  Location     Type
  u               4   52[BANK0 ] unsigned char 
  g               4   44[BANK0 ] unsigned char 
  l               4   38[BANK0 ] unsigned char 
  h               4   34[BANK0 ] unsigned char 
  ou              4   20[BANK0 ] unsigned char 
  n               2   50[BANK0 ] int 
  e               2   48[BANK0 ] int 
  i               2   42[BANK0 ] int 
  w               2   30[BANK0 ] int 
  p               2   28[BANK0 ] int 
  sign            2   26[BANK0 ] int 
  d               2   24[BANK0 ] int 
  m               2   18[BANK0 ] int 
  ne              2   16[BANK0 ] int 
  pp              2   14[BANK0 ] int 
  t               2   12[BANK0 ] int 
  mode            1   33[BANK0 ] unsigned char 
  nmode           1   32[BANK0 ] unsigned char 
 Return value:  Size  Location     Type
                  2   45[COMRAM] int 
 Registers used:
		wreg, fsr0l, fsr0h, fsr1l, fsr1h, fsr2l, fsr2h, status,2, status,0, tblptrl, tblptrh, tblptru, prodl, prodh, cstack
 Tracked objects:
		On entry : 
		On exit  : 
		Unchanged: 
 Data sizes:     COMRAM   BANK0   BANK1   BANK2   BANK3   BANK4   BANK5   BANK6   BANK7   BANK8   BANK9  BANK10  BANK11  BANK12  BANK13  BANK14  BANK15
      Params:         7       0       0       0       0       0       0       0       0       0       0       0       0       0       0       0       0
      Locals:         0      56       0       0       0       0       0       0       0       0       0       0       0       0       0       0       0
      Temps:          5       0       0       0       0       0       0       0       0       0       0       0       0       0       0       0       0
      Totals:        12      56       0       0       0       0       0       0       0       0       0       0       0       0       0       0       0
Total ram usage:       68 bytes
 Hardware stack levels used:    1
 Hardware stack levels required when called:    5
 This function calls:
		___awdiv
		___awmod
		___fladd
		___fldiv
		___fleq
		___flge
		___flmul
		___flneg
		___flsub
		___fltol
		___fpclassifyf
		_floorf
		_isupper
		_pad
		_strcpy
		_tolower
 This function is called by:
		_vfpfcnvrt
 This function uses a non-reentrant model


 *************** function _tolower *****************
 Defined at:
		line 4 in file "C:\Program Files\Microchip\xc8\v2.30\pic\sources\c99\common\tolower.c"
 Parameters:    Size  Location     Type
  c               2    6[COMRAM] int 
 Auto vars:     Size  Location     Type
		None
 Return value:  Size  Location     Type
                  2    6[COMRAM] int 
 Registers used:
		wreg, status,2, status,0
 Tracked objects:
		On entry : 
		On exit  : 
		Unchanged: 
 Data sizes:     COMRAM   BANK0   BANK1   BANK2   BANK3   BANK4   BANK5   BANK6   BANK7   BANK8   BANK9  BANK10  BANK11  BANK12  BANK13  BANK14  BANK15
      Params:         2       0       0       0       0       0       0       0       0       0       0       0       0       0       0       0       0
      Locals:         2       0       0       0       0       0       0       0       0       0       0       0       0       0       0       0       0
      Temps:          4       0       0       0       0       0       0       0       0       0       0       0       0       0       0       0       0
      Totals:         8       0       0       0       0       0       0       0       0       0       0       0       0       0       0       0       0
Total ram usage:        8 bytes
 Hardware stack levels used:    1
 Hardware stack levels required when called:    1
 This function calls:
		_isupper
 This function is called by:
		_efgtoa
		_vfpfcnvrt
 This function uses a non-reentrant model


 *************** function _isupper *****************
 Defined at:
		line 5 in file "C:\Program Files\Microchip\xc8\v2.30\pic\sources\c99\common\isupper.c"
 Parameters:    Size  Location     Type
  c               2    0[COMRAM] int 
 Auto vars:     Size  Location     Type
		None
 Return value:  Size  Location     Type
                  2    0[COMRAM] int 
 Registers used:
		wreg, status,2, status,0
 Tracked objects:
		On entry : 
		On exit  : 
		Unchanged: 
 Data sizes:     COMRAM   BANK0   BANK1   BANK2   BANK3   BANK4   BANK5   BANK6   BANK7   BANK8   BANK9  BANK10  BANK11  BANK12  BANK13  BANK14  BANK15
      Params:         2       0       0       0       0       0       0       0       0       0       0       0       0       0       0       0       0
      Locals:         0       0       0       0       0       0       0       0       0       0       0       0       0       0       0       0       0
      Temps:          4       0       0       0       0       0       0       0       0       0       0       0       0       0       0       0       0
      Totals:         6       0       0       0       0       0       0       0       0       0       0       0       0       0       0       0       0
Total ram usage:        6 bytes
 Hardware stack levels used:    1
 This function calls:
		Nothing
 This function is called by:
		_efgtoa
		_vfpfcnvrt
		_tolower
 This function uses a non-reentrant model


 *************** function _strcpy *****************
 Defined at:
		line 3 in file "C:\Program Files\Microchip\xc8\v2.30\pic\sources\c99\common\strcpy.c"
 Parameters:    Size  Location     Type
  dest            2    0[COMRAM] PTR unsigned char 
		 -> dbuf(80), 
  src             2    2[COMRAM] PTR const unsigned char 
		 -> STR_14(4), STR_13(4), STR_10(4), STR_9(4), 
		 -> dbuf(80), 
 Auto vars:     Size  Location     Type
  d               2    8[COMRAM] PTR unsigned char 
		 -> dbuf(80), 
  s               2    6[COMRAM] PTR const unsigned char 
		 -> STR_14(4), STR_13(4), STR_10(4), STR_9(4), 
		 -> dbuf(80), 
 Return value:  Size  Location     Type
                  2    0[COMRAM] PTR unsigned char 
 Registers used:
		wreg, fsr0l, fsr0h, fsr2l, fsr2h, status,2, status,0, tblptrl, tblptrh, tblptru
 Tracked objects:
		On entry : 
		On exit  : 
		Unchanged: 
 Data sizes:     COMRAM   BANK0   BANK1   BANK2   BANK3   BANK4   BANK5   BANK6   BANK7   BANK8   BANK9  BANK10  BANK11  BANK12  BANK13  BANK14  BANK15
      Params:         4       0       0       0       0       0       0       0       0       0       0       0       0       0       0       0       0
      Locals:         4       0       0       0       0       0       0       0       0       0       0       0       0       0       0       0       0
      Temps:          2       0       0       0       0       0       0       0       0       0       0       0       0       0       0       0       0
      Totals:        10       0       0       0       0       0       0       0       0       0       0       0       0       0       0       0       0
Total ram usage:       10 bytes
 Hardware stack levels used:    1
 This function calls:
		Nothing
 This function is called by:
		_efgtoa
 This function uses a non-reentrant model


 *************** function _pad *****************
 Defined at:
		line 72 in file "C:\Program Files\Microchip\xc8\v2.30\pic\sources\c99\common\doprnt.c"
 Parameters:    Size  Location     Type
  fp              2   18[COMRAM] PTR struct _IO_FILE
		 -> NULL(0), 
  buf             2   20[COMRAM] PTR unsigned char 
		 -> dbuf(80), 
  p               2   22[COMRAM] int 
 Auto vars:     Size  Location     Type
  w               2   27[COMRAM] int 
  i               2   25[COMRAM] int 
 Return value:  Size  Location     Type
                  2   18[COMRAM] int 
 Registers used:
		wreg, fsr1l, fsr1h, fsr2l, fsr2h, status,2, status,0, cstack
 Tracked objects:
		On entry : 
		On exit  : 
		Unchanged: 
 Data sizes:     COMRAM   BANK0   BANK1   BANK2   BANK3   BANK4   BANK5   BANK6   BANK7   BANK8   BANK9  BANK10  BANK11  BANK12  BANK13  BANK14  BANK15
      Params:         6       0       0       0       0       0       0       0       0       0       0       0       0       0       0       0       0
      Locals:         4       0       0       0       0       0       0       0       0       0       0       0       0       0       0       0       0
      Temps:          1       0       0       0       0       0       0       0       0       0       0       0       0       0       0       0       0
      Totals:        11       0       0       0       0       0       0       0       0       0       0       0       0       0       0       0       0
Total ram usage:       11 bytes
 Hardware stack levels used:    1
 Hardware stack levels required when called:    4
 This function calls:
		_fputc
		_fputs
		_strlen
 This function is called by:
		_efgtoa
 This function uses a non-reentrant model


 *************** function _strlen *****************
 Defined at:
		line 5 in file "C:\Program Files\Microchip\xc8\v2.30\pic\sources\c99\common\strlen.c"
 Parameters:    Size  Location     Type
  s               2    0[COMRAM] PTR const unsigned char 
		 -> dbuf(80), 
 Auto vars:     Size  Location     Type
  a               2    2[COMRAM] PTR const unsigned char 
		 -> dbuf(80), 
 Return value:  Size  Location     Type
                  2    0[COMRAM] unsigned int 
 Registers used:
		wreg, fsr2l, fsr2h, status,2, status,0
 Tracked objects:
[...]
      Params:         2       0       0       0       0       0       0       0       0       0       0       0       0       0       0       0       0
      Locals:         0       0       0       0       0       0       0       0       0       0       0       0       0       0       0       0       0
      Temps:          4       0       0       0       0       0       0       0       0       0       0       0       0       0       0       0       0
      Totals:         6       0       0       0       0       0       0       0       0       0       0       0       0       0       0       0       0
Total ram usage:        6 bytes
 Hardware stack levels used:    1
 This function calls:
		Nothing
 This function is called by:
		_vfpfcnvrt
		_atoi
 This function uses a non-reentrant model


 *************** function ___wmul *****************
 Defined at:
		line 15 in file "C:\Program Files\Microchip\xc8\v2.30\pic\sources\c99\common\Umul16.c"
 Parameters:    Size  Location     Type
  multiplier      2    0[COMRAM] unsigned int 
  multiplicand    2    2[COMRAM] unsigned int 
 Auto vars:     Size  Location     Type
  product         2    4[COMRAM] unsigned int 
 Return value:  Size  Location     Type
                  2    0[COMRAM] unsigned int 
 Registers used:
		wreg, status,2, status,0, prodl, prodh
 Tracked objects:
		On entry : 
		On exit  : 
		Unchanged: 
 Data sizes:     COMRAM   BANK0   BANK1   BANK2   BANK3   BANK4   BANK5   BANK6   BANK7   BANK8   BANK9  BANK10  BANK11  BANK12  BANK13  BANK14  BANK15
      Params:         4       0       0       0       0       0       0       0       0       0       0       0       0       0       0       0       0
      Locals:         2       0       0       0       0       0       0       0       0       0       0       0       0       0       0       0       0
      Temps:          0       0       0       0       0       0       0       0       0       0       0       0       0       0       0       0       0
      Totals:         6       0       0       0       0       0       0       0       0       0       0       0       0       0       0       0       0
Total ram usage:        6 bytes
 Hardware stack levels used:    1
 This function calls:
		Nothing
 This function is called by:
		_atoi
 This function uses a non-reentrant model


 *************** function _SYSTEM_Initialize *****************
 Defined at:
		line 50 in file "mcc_generated_files/mcc.c"
 Parameters:    Size  Location     Type
		None
 Auto vars:     Size  Location     Type
		None
 Return value:  Size  Location     Type
                  1    wreg      void 
 Registers used:
		wreg, status,2, status,0, cstack
 Tracked objects:
		On entry : 
		On exit  : 
		Unchanged: 
 Data sizes:     COMRAM   BANK0   BANK1   BANK2   BANK3   BANK4   BANK5   BANK6   BANK7   BANK8   BANK9  BANK10  BANK11  BANK12  BANK13  BANK14  BANK15
      Params:         0       0       0       0       0       0       0       0       0       0       0       0       0       0       0       0       0
      Locals:         0       0       0       0       0       0       0       0       0       0       0       0       0       0       0       0       0
      Temps:          0       0       0       0       0       0       0       0       0       0       0       0       0       0       0       0       0
      Totals:         0       0       0       0       0       0       0       0       0       0       0       0       0       0       0       0       0
Total ram usage:        0 bytes
 Hardware stack levels used:    1
 Hardware stack levels required when called:    2
 This function calls:
		_OSCILLATOR_Initialize
		_PIN_MANAGER_Initialize
		_PMD_Initialize
		_UART2_Initialize
 This function is called by:
		_main
 This function uses a non-reentrant model


 *************** function _UART2_Initialize *****************
 Defined at:
		line 66 in file "mcc_generated_files/uart2.c"
 Parameters:    Size  Location     Type
		None
 Auto vars:     Size  Location     Type
		None
 Return value:  Size  Location     Type
                  1    wreg      void 
 Registers used:
		wreg, status,2, status,0, cstack
 Tracked objects:
		On entry : 
		On exit  : 
		Unchanged: 
 Data sizes:     COMRAM   BANK0   BANK1   BANK2   BANK3   BANK4   BANK5   BANK6   BANK7   BANK8   BANK9  BANK10  BANK11  BANK12  BANK13  BANK14  BANK15
      Params:         0       0       0       0       0       0       0       0       0       0       0       0       0       0       0       0       0
      Locals:         0       0       0       0       0       0       0       0       0       0       0       0       0       0       0       0       0
      Temps:          0       0       0       0       0       0       0       0       0       0       0       0       0       0       0       0       0
      Totals:         0       0       0       0       0       0       0       0       0       0       0       0       0       0       0       0       0
Total ram usage:        0 bytes
 Hardware stack levels used:    1
 Hardware stack levels required when called:    1
 This function calls:
		_UART2_SetErrorHandler
		_UART2_SetFramingErrorHandler
		_UART2_SetOverrunErrorHandler
 This function is called by:
		_SYSTEM_Initialize
 This function uses a non-reentrant model


 *************** function _UART2_SetOverrunErrorHandler *****************
 Defined at:
		line 195 in file "mcc_generated_files/uart2.c"
 Parameters:    Size  Location     Type
  interruptHan    2    0[COMRAM] PTR FTN()void 
		 -> UART2_DefaultOverrunErrorHandler(1), 
 Auto vars:     Size  Location     Type
		None
 Return value:  Size  Location     Type
                  1    wreg      void 
 Registers used:
		wreg, status,2, status,0
 Tracked objects:
		On entry : 
		On exit  : 
		Unchanged: 
 Data sizes:     COMRAM   BANK0   BANK1   BANK2   BANK3   BANK4   BANK5   BANK6   BANK7   BANK8   BANK9  BANK10  BANK11  BANK12  BANK13  BANK14  BANK15
      Params:         2       0       0       0       0       0       0       0       0       0       0       0       0       0       0       0       0
      Locals:         0       0       0       0       0       0       0       0       0       0       0       0       0       0       0       0       0
      Temps:          0       0       0       0       0       0       0       0       0       0       0       0       0       0       0       0       0
      Totals:         2       0       0       0       0       0       0       0       0       0       0       0       0       0       0       0       0
Total ram usage:        2 bytes
 Hardware stack levels used:    1
 This function calls:
		Nothing
 This function is called by:
		_UART2_Initialize
 This function uses a non-reentrant model


 *************** function _UART2_SetFramingErrorHandler *****************
 Defined at:
		line 191 in file "mcc_generated_files/uart2.c"
 Parameters:    Size  Location     Type
  interruptHan    2    0[COMRAM] PTR FTN()void 
		 -> UART2_DefaultFramingErrorHandler(1), 
 Auto vars:     Size  Location     Type
		None
 Return value:  Size  Location     Type
                  1    wreg      void 
 Registers used:
		wreg, status,2, status,0
 Tracked objects:
		On entry : 
		On exit  : 
		Unchanged: 
 Data sizes:     COMRAM   BANK0   BANK1   BANK2   BANK3   BANK4   BANK5   BANK6   BANK7   BANK8   BANK9  BANK10  BANK11  BANK12  BANK13  BANK14  BANK15
      Params:         2       0       0       0       0       0       0       0       0       0       0       0       0       0       0       0       0
      Locals:         0       0       0       0       0       0       0       0       0       0       0       0       0       0       0       0       0
      Temps:          0       0       0       0       0       0       0       0       0       0       0       0       0       0       0       0       0
      Totals:         2       0       0       0       0       0       0       0       0       0       0       0       0       0       0       0       0
Total ram usage:        2 bytes
 Hardware stack levels used:    1
 This function calls:
		Nothing
 This function is called by:
		_UART2_Initialize
 This function uses a non-reentrant model


 *************** function _UART2_SetErrorHandler *****************
 Defined at:
		line 199 in file "mcc_generated_files/uart2.c"
 Parameters:    Size  Location     Type
  interruptHan    2    0[COMRAM] PTR FTN()void 
		 -> UART2_DefaultErrorHandler(1), 
 Auto vars:     Size  Location     Type
		None
 Return value:  Size  Location     Type
                  1    wreg      void 
 Registers used:
		wreg, status,2, status,0
 Tracked objects:
		On entry : 
		On exit  : 
		Unchanged: 
 Data sizes:     COMRAM   BANK0   BANK1   BANK2   BANK3   BANK4   BANK5   BANK6   BANK7   BANK8   BANK9  BANK10  BANK11  BANK12  BANK13  BANK14  BANK15
      Params:         2       0       0       0       0       0       0       0       0       0       0       0       0       0       0       0       0
      Locals:         0       0       0       0       0       0       0       0       0       0       0       0       0       0       0       0       0
      Temps:          0       0       0       0       0       0       0       0       0       0       0       0       0       0       0       0       0
      Totals:         2       0       0       0       0       0       0       0       0       0       0       0       0       0       0       0       0
Total ram usage:        2 bytes
 Hardware stack levels used:    1
 This function calls:
		Nothing
 This function is called by:
		_UART2_Initialize
 This function uses a non-reentrant model


 *************** function _PMD_Initialize *****************
 Defined at:
		line 72 in file "mcc_generated_files/mcc.c"
 Parameters:    Size  Location     Type
		None
 Auto vars:     Size  Location     Type
		None
 Return value:  Size  Location     Type
                  1    wreg      void 
 Registers used:
		wreg, status,2
 Tracked objects:
		On entry : 
		On exit  : 
		Unchanged: 
 Data sizes:     COMRAM   BANK0   BANK1   BANK2   BANK3   BANK4   BANK5   BANK6   BANK7   BANK8   BANK9  BANK10  BANK11  BANK12  BANK13  BANK14  BANK15
      Params:         0       0       0       0       0       0       0       0       0       0       0       0       0       0       0       0       0
      Locals:         0       0       0       0       0       0       0       0       0       0       0       0       0       0       0       0       0
      Temps:          0       0       0       0       0       0       0       0       0       0       0       0       0       0       0       0       0
      Totals:         0       0       0       0       0       0       0       0       0       0       0       0       0       0       0       0       0
Total ram usage:        0 bytes
 Hardware stack levels used:    1
 This function calls:
		Nothing
 This function is called by:
		_SYSTEM_Initialize
 This function uses a non-reentrant model


 *************** function _PIN_MANAGER_Initialize *****************
 Defined at:
		line 55 in file "mcc_generated_files/pin_manager.c"
 Parameters:    Size  Location     Type
		None
 Auto vars:     Size  Location     Type
		None
 Return value:  Size  Location     Type
                  1    wreg      void 
 Registers used:
		wreg, status,2
 Tracked objects:
		On entry : 
		On exit  : 
		Unchanged: 
 Data sizes:     COMRAM   BANK0   BANK1   BANK2   BANK3   BANK4   BANK5   BANK6   BANK7   BANK8   BANK9  BANK10  BANK11  BANK12  BANK13  BANK14  BANK15
      Params:         0       0       0       0       0       0       0       0       0       0       0       0       0       0       0       0       0
      Locals:         0       0       0       0       0       0       0       0       0       0       0       0       0       0       0       0       0
      Temps:          0       0       0       0       0       0       0       0       0       0       0       0       0       0       0       0       0
      Totals:         0       0       0       0       0       0       0       0       0       0       0       0       0       0       0       0       0
Total ram usage:        0 bytes
 Hardware stack levels used:    1
 This function calls:
		Nothing
 This function is called by:
		_SYSTEM_Initialize
 This function uses a non-reentrant model


 *************** function _OSCILLATOR_Initialize *****************
 Defined at:
		line 58 in file "mcc_generated_files/mcc.c"
 Parameters:    Size  Location     Type
		None
 Auto vars:     Size  Location     Type
		None
 Return value:  Size  Location     Type
                  1    wreg      void 
 Registers used:
		wreg, status,2
 Tracked objects:
		On entry : 
		On exit  : 
		Unchanged: 
 Data sizes:     COMRAM   BANK0   BANK1   BANK2   BANK3   BANK4   BANK5   BANK6   BANK7   BANK8   BANK9  BANK10  BANK11  BANK12  BANK13  BANK14  BANK15
      Params:         0       0       0       0       0       0       0       0       0       0       0       0       0       0       0       0       0
      Locals:         0       0       0       0       0       0       0       0       0       0       0       0       0       0       0       0       0
      Temps:          0       0       0       0       0       0       0       0       0       0       0       0       0       0       0       0       0
      Totals:         0       0       0       0       0       0       0       0       0       0       0       0       0       0       0       0       0
Total ram usage:        0 bytes
 Hardware stack levels used:    1
 This function calls:
		Nothing
 This function is called by:
		_SYSTEM_Initialize
 This function uses a non-reentrant model



MODULE INFORMATION

Module		Function		Class		Link	Load	Size
C:\Program Files\Microchip\xc8\v2.30\pic\sources\c99\common\sprcmul.c
		___flmul       		CODE           	E142	0000	1102

C:\Program Files\Microchip\xc8\v2.30\pic\sources\c99\common\sprcmul.c estimated size: 1102

mcc_generated_files/uart2.c
		_putch         		CODE           	CC34	0000	10
		_UART2_Write   		CODE           	CC68	0000	26
		_UART2_SetFramingErrorHandler		CODE           	CC20	0000	10
		_UART2_SetOverrunErrorHandler		CODE           	CC2A	0000	10
		_UART2_Initialize		CODE           	CED2	0000	94
		_UART2_SetErrorHandler		CODE           	CC16	0000	10

mcc_generated_files/uart2.c estimated size: 160

C:\Program Files\Microchip\xc8\v2.30\pic\sources\c99\common\sprcdiv.c
		___fldiv       		CODE           	DDA8	0000	922

C:\Program Files\Microchip\xc8\v2.30\pic\sources\c99\common\sprcdiv.c estimated size: 922

C:\Program Files\Microchip\xc8\v2.30\pic\sources\c99\common\__fpclassifyf.c
		___fpclassifyf 		CODE           	D564	0000	254

C:\Program Files\Microchip\xc8\v2.30\pic\sources\c99\common\__fpclassifyf.c estimated size: 254

C:\Program Files\Microchip\xc8\v2.30\pic\sources\c99\common\awmod.c
		___awmod       		CODE           	D236	0000	176

C:\Program Files\Microchip\xc8\v2.30\pic\sources\c99\common\awmod.c estimated size: 176

C:\Program Files\Microchip\xc8\v2.30\pic\sources\c99\common\doprnt.c
		_vfpfcnvrt     		CODE           	EA50	0000	1934
		_efgtoa        		CODE           	F1DE	0000	3242
		_pad           		CODE           	D3AA	0000	198
		_vfprintf      		CODE           	CF90	0000	104

C:\Program Files\Microchip\xc8\v2.30\pic\sources\c99\common\doprnt.c estimated size: 5478

C:\Program Files\Microchip\xc8\v2.30\pic\sources\c99\common\atoi.c
		_atoi          		CODE           	D9E8	0000	430

C:\Program Files\Microchip\xc8\v2.30\pic\sources\c99\common\atoi.c estimated size: 430

C:\Program Files\Microchip\xc8\v2.30\pic\sources\c99\common\fleq.c
		___fleq        		CODE           	D18C	0000	170

C:\Program Files\Microchip\xc8\v2.30\pic\sources\c99\common\fleq.c estimated size: 170

C:\Program Files\Microchip\xc8\v2.30\pic\sources\c99\common\isdigit.c
		_isdigit       		CODE           	CD14	0000	56

C:\Program Files\Microchip\xc8\v2.30\pic\sources\c99\common\isdigit.c estimated size: 56

C:\Program Files\Microchip\xc8\v2.30\pic\sources\c99\common\nf_fputs.c
		_fputs         		CODE           	CDF6	0000	68

C:\Program Files\Microchip\xc8\v2.30\pic\sources\c99\common\nf_fputs.c estimated size: 68

C:\Program Files\Microchip\xc8\v2.30\pic\sources\c99\common\Umul16.c
		___wmul        		CODE           	CCEA	0000	42

C:\Program Files\Microchip\xc8\v2.30\pic\sources\c99\common\Umul16.c estimated size: 42

mcc_generated_files/pin_manager.c
		_PIN_MANAGER_Initialize		CODE           	D062	0000	148

mcc_generated_files/pin_manager.c estimated size: 148

C:\Program Files\Microchip\xc8\v2.30\pic\sources\c99\common\sprcadd.c
		___flsub       		CODE           	CE3A	0000	70
		___fladd       		CODE           	E590	0000	1216

C:\Program Files\Microchip\xc8\v2.30\pic\sources\c99\common\sprcadd.c estimated size: 1286

C:\Program Files\Microchip\xc8\v2.30\pic\sources\c99\common\awdiv.c
		___awdiv       		CODE           	D2E6	0000	196

C:\Program Files\Microchip\xc8\v2.30\pic\sources\c99\common\awdiv.c estimated size: 196

C:\Program Files\Microchip\xc8\v2.30\pic\sources\c99\common\fltol.c
		___fltol       		CODE           	D766	0000	262

C:\Program Files\Microchip\xc8\v2.30\pic\sources\c99\common\fltol.c estimated size: 262

C:\Program Files\Microchip\xc8\v2.30\pic\sources\c99\common\isupper.c
		_isupper       		CODE           	CD84	0000	56

C:\Program Files\Microchip\xc8\v2.30\pic\sources\c99\common\isupper.c estimated size: 56

C:\Program Files\Microchip\xc8\v2.30\pic\sources\c99\common\printf.c
		_printf        		CODE           	CCC4	0000	38

C:\Program Files\Microchip\xc8\v2.30\pic\sources\c99\common\printf.c estimated size: 38

shared
		__initialization		CODE           	CC82	0000	24

shared estimated size: 24

C:\Program Files\Microchip\xc8\v2.30\pic\sources\c99\common\nf_fputc.c
		_fputc         		CODE           	D0F6	0000	150

C:\Program Files\Microchip\xc8\v2.30\pic\sources\c99\common\nf_fputc.c estimated size: 150

C:\Program Files\Microchip\xc8\v2.30\pic\sources\c99\common\flge.c
		___flge        		CODE           	D662	0000	260

C:\Program Files\Microchip\xc8\v2.30\pic\sources\c99\common\flge.c estimated size: 260

mcc_generated_files/mcc.c
		_PMD_Initialize		CODE           	CCA0	0000	36
		_OSCILLATOR_Initialize		CODE           	CC50	0000	24
		_SYSTEM_Initialize		CODE           	CC3E	0000	18

mcc_generated_files/mcc.c estimated size: 78

C:\Program Files\Microchip\xc8\v2.30\pic\sources\c99\common\strlen.c
		_strlen        		CODE           	CDBC	0000	58

C:\Program Files\Microchip\xc8\v2.30\pic\sources\c99\common\strlen.c estimated size: 58

C:\Program Files\Microchip\xc8\v2.30\pic\sources\c99\common\floorf.c
		_floorf        		CODE           	DB96	0000	530

C:\Program Files\Microchip\xc8\v2.30\pic\sources\c99\common\floorf.c estimated size: 530

C:\Program Files\Microchip\xc8\v2.30\pic\sources\c99\common\strcpy.c
		_strcpy        		CODE           	CFF8	0000	106

C:\Program Files\Microchip\xc8\v2.30\pic\sources\c99\common\strcpy.c estimated size: 106

C:\Program Files\Microchip\xc8\v2.30\pic\sources\c99\common\flneg.c
		___flneg       		CODE           	CD4C	0000	56

C:\Program Files\Microchip\xc8\v2.30\pic\sources\c99\common\flneg.c estimated size: 56

C:\Program Files\Microchip\xc8\v2.30\pic\sources\c99\common\isspace.c
		_isspace       		CODE           	CE80	0000	82

C:\Program Files\Microchip\xc8\v2.30\pic\sources\c99\common\isspace.c estimated size: 82

main.c
		_main          		CODE           	D86C	0000	380

main.c estimated size: 380

C:\Program Files\Microchip\xc8\v2.30\pic\sources\c99\common\strncmp.c
		_strncmp       		CODE           	D470	0000	244

C:\Program Files\Microchip\xc8\v2.30\pic\sources\c99\common\strncmp.c estimated size: 244

C:\Program Files\Microchip\xc8\v2.30\pic\sources\c99\common\tolower.c
		_tolower       		CODE           	CF30	0000	96

C:\Program Files\Microchip\xc8\v2.30\pic\sources\c99\common\tolower.c estimated size: 96

